Component: ARM Compiler 5.06 update 6 (build 750) Tool: armlink [4d35ed]

==============================================================================

Section Cross References

    startup_stm32l431xx.o(RESET) refers to startup_stm32l431xx.o(STACK) for __initial_sp
    startup_stm32l431xx.o(RESET) refers to startup_stm32l431xx.o(.text) for Reset_Handler
    startup_stm32l431xx.o(RESET) refers to stm32l4xx_it.o(i.NMI_Handler) for NMI_Handler
    startup_stm32l431xx.o(RESET) refers to stm32l4xx_it.o(i.HardFault_Handler) for HardFault_Handler
    startup_stm32l431xx.o(RESET) refers to stm32l4xx_it.o(i.MemManage_Handler) for MemManage_Handler
    startup_stm32l431xx.o(RESET) refers to stm32l4xx_it.o(i.BusFault_Handler) for BusFault_Handler
    startup_stm32l431xx.o(RESET) refers to stm32l4xx_it.o(i.UsageFault_Handler) for UsageFault_Handler
    startup_stm32l431xx.o(RESET) refers to port.o(.emb_text) for SVC_Handler
    startup_stm32l431xx.o(RESET) refers to stm32l4xx_it.o(i.DebugMon_Handler) for DebugMon_Handler
    startup_stm32l431xx.o(RESET) refers to port.o(i.SysTick_Handler) for SysTick_Handler
    startup_stm32l431xx.o(RESET) refers to stm32l4xx_it.o(i.DMA1_Channel4_IRQHandler) for DMA1_Channel4_IRQHandler
    startup_stm32l431xx.o(RESET) refers to stm32l4xx_it.o(i.DMA1_Channel5_IRQHandler) for DMA1_Channel5_IRQHandler
    startup_stm32l431xx.o(RESET) refers to stm32l4xx_it.o(i.TIM1_UP_TIM16_IRQHandler) for TIM1_UP_TIM16_IRQHandler
    startup_stm32l431xx.o(RESET) refers to stm32l4xx_it.o(i.USART1_IRQHandler) for USART1_IRQHandler
    startup_stm32l431xx.o(.text) refers to system_stm32l4xx.o(i.SystemInit) for SystemInit
    startup_stm32l431xx.o(.text) refers to entry.o(.ARM.Collect$$$$00000000) for __main
    main.o(i.HAL_TIM_PeriodElapsedCallback) refers to stm32l4xx_hal.o(i.HAL_IncTick) for HAL_IncTick
    main.o(i.HAL_UART_RxCpltCallback) refers to queue.o(i.xQueueGenericSendFromISR) for xQueueGenericSendFromISR
    main.o(i.HAL_UART_RxCpltCallback) refers to printfa.o(i.__0printf) for __2printf
    main.o(i.HAL_UART_RxCpltCallback) refers to main.o(.data) for .data
    main.o(i.MX_GPIO_Init) refers to memseta.o(.text) for __aeabi_memclr4
    main.o(i.MX_GPIO_Init) refers to stm32l4xx_hal_gpio.o(i.HAL_GPIO_WritePin) for HAL_GPIO_WritePin
    main.o(i.MX_GPIO_Init) refers to stm32l4xx_hal_gpio.o(i.HAL_GPIO_Init) for HAL_GPIO_Init
    main.o(i.MX_SPI1_Init) refers to stm32l4xx_hal_spi.o(i.HAL_SPI_Init) for HAL_SPI_Init
    main.o(i.MX_SPI1_Init) refers to main.o(.bss) for .bss
    main.o(i.MX_USART1_UART_Init) refers to stm32l4xx_hal_uart.o(i.HAL_UART_Init) for HAL_UART_Init
    main.o(i.MX_USART1_UART_Init) refers to main.o(.bss) for .bss
    main.o(i.MX_USART3_UART_Init) refers to stm32l4xx_hal_uart.o(i.HAL_UART_Init) for HAL_UART_Init
    main.o(i.MX_USART3_UART_Init) refers to main.o(.bss) for .bss
    main.o(i.SystemClock_Config) refers to memseta.o(.text) for __aeabi_memclr4
    main.o(i.SystemClock_Config) refers to stm32l4xx_hal_rcc.o(i.HAL_RCC_OscConfig) for HAL_RCC_OscConfig
    main.o(i.SystemClock_Config) refers to stm32l4xx_hal_rcc.o(i.HAL_RCC_ClockConfig) for HAL_RCC_ClockConfig
    main.o(i.SystemClock_Config) refers to stm32l4xx_hal_rcc_ex.o(i.HAL_RCCEx_PeriphCLKConfig) for HAL_RCCEx_PeriphCLKConfig
    main.o(i.SystemClock_Config) refers to stm32l4xx_hal_pwr_ex.o(i.HAL_PWREx_ControlVoltageScaling) for HAL_PWREx_ControlVoltageScaling
    main.o(i.TaskAllocator) refers to queue.o(i.xQueueReceive) for xQueueReceive
    main.o(i.TaskAllocator) refers to printfa.o(i.__0printf) for __2printf
    main.o(i.TaskAllocator) refers to queue.o(i.xQueueGenericSend) for xQueueGenericSend
    main.o(i.TaskAllocator) refers to main.o(.bss) for .bss
    main.o(i.TaskAllocator) refers to main.o(.data) for .data
    main.o(i.TaskBlinkLED) refers to stm32l4xx_hal_iwdg.o(i.HAL_IWDG_Refresh) for HAL_IWDG_Refresh
    main.o(i.TaskBlinkLED) refers to stm32l4xx_hal_gpio.o(i.HAL_GPIO_WritePin) for HAL_GPIO_WritePin
    main.o(i.TaskBlinkLED) refers to cmsis_os2.o(i.osDelay) for osDelay
    main.o(i.TaskBlinkLED) refers to main.o(.bss) for .bss
    main.o(i.TaskCalculation) refers to queue.o(i.xQueueSemaphoreTake) for xQueueSemaphoreTake
    main.o(i.TaskCalculation) refers to strlen.o(.text) for strlen
    main.o(i.TaskCalculation) refers to main.o(i.expr_create) for expr_create
    main.o(i.TaskCalculation) refers to main.o(i.expr_eval) for expr_eval
    main.o(i.TaskCalculation) refers to main.o(i.expr_destroy) for expr_destroy
    main.o(i.TaskCalculation) refers to f2d.o(.text) for __aeabi_f2d
    main.o(i.TaskCalculation) refers to printfa.o(i.__0printf) for __2printf
    main.o(i.TaskCalculation) refers to main.o(.data) for .data
    main.o(i.TaskCalculation) refers to main.o(.bss) for .bss
    main.o(i.TaskScreenRefresh) refers to queue.o(i.xQueueSemaphoreTake) for xQueueSemaphoreTake
    main.o(i.TaskScreenRefresh) refers to printfa.o(i.__0printf) for __2printf
[...]
    i.prvTaskExitError                       0x08006568   Section        0  port.o(i.prvTaskExitError)
    prvTaskExitError                         0x08006569   Thumb Code    36  port.o(i.prvTaskExitError)
    i.prvTimerTask                           0x08006590   Section        0  timers.o(i.prvTimerTask)
    prvTimerTask                             0x08006591   Thumb Code    32  timers.o(i.prvTimerTask)
    i.prvUnlockQueue                         0x080065b4   Section        0  queue.o(i.prvUnlockQueue)
    prvUnlockQueue                           0x080065b5   Thumb Code   106  queue.o(i.prvUnlockQueue)
    i.pvPortMalloc                           0x08006620   Section        0  heap_4.o(i.pvPortMalloc)
    i.pvTaskIncrementMutexHeldCount          0x080066f8   Section        0  tasks.o(i.pvTaskIncrementMutexHeldCount)
    i.pxPortInitialiseStack                  0x08006710   Section        0  port.o(i.pxPortInitialiseStack)
    i.realloc                                0x0800673c   Section        0  mallocr.o(i.realloc)
    i.to_int                                 0x080067a8   Section        0  main.o(i.to_int)
    to_int                                   0x080067a9   Thumb Code    66  main.o(i.to_int)
    i.uxListRemove                           0x080067ea   Section        0  list.o(i.uxListRemove)
    i.vApplicationGetIdleTaskMemory          0x08006810   Section        0  cmsis_os2.o(i.vApplicationGetIdleTaskMemory)
    i.vApplicationGetTimerTaskMemory         0x08006824   Section        0  cmsis_os2.o(i.vApplicationGetTimerTaskMemory)
    i.vListInitialise                        0x0800683c   Section        0  list.o(i.vListInitialise)
    i.vListInitialiseItem                    0x08006852   Section        0  list.o(i.vListInitialiseItem)
    i.vListInsert                            0x08006858   Section        0  list.o(i.vListInsert)
    i.vListInsertEnd                         0x08006888   Section        0  list.o(i.vListInsertEnd)
    i.vPortEnterCritical                     0x080068a0   Section        0  port.o(i.vPortEnterCritical)
    i.vPortExitCritical                      0x080068e0   Section        0  port.o(i.vPortExitCritical)
    i.vPortFree                              0x08006908   Section        0  heap_4.o(i.vPortFree)
    i.vPortSetupTimerInterrupt               0x08006964   Section        0  port.o(i.vPortSetupTimerInterrupt)
    i.vPortValidateInterruptPriority         0x08006988   Section        0  port.o(i.vPortValidateInterruptPriority)
    i.vQueueAddToRegistry                    0x080069dc   Section        0  queue.o(i.vQueueAddToRegistry)
    i.vQueueDelete                           0x08006a04   Section        0  queue.o(i.vQueueDelete)
    i.vQueueUnregisterQueue                  0x08006a34   Section        0  queue.o(i.vQueueUnregisterQueue)
    i.vQueueWaitForMessageRestricted         0x08006a5c   Section        0  queue.o(i.vQueueWaitForMessageRestricted)
    i.vTaskDelay                             0x08006aa0   Section        0  tasks.o(i.vTaskDelay)
    i.vTaskInternalSetTimeOutState           0x08006aec   Section        0  tasks.o(i.vTaskInternalSetTimeOutState)
    i.vTaskMissedYield                       0x08006afc   Section        0  tasks.o(i.vTaskMissedYield)
    i.vTaskPlaceOnEventList                  0x08006b08   Section        0  tasks.o(i.vTaskPlaceOnEventList)
    i.vTaskPlaceOnEventListRestricted        0x08006b38   Section        0  tasks.o(i.vTaskPlaceOnEventListRestricted)
    i.vTaskPriorityDisinheritAfterTimeout    0x08006b70   Section        0  tasks.o(i.vTaskPriorityDisinheritAfterTimeout)
    i.vTaskStartScheduler                    0x08006c00   Section        0  tasks.o(i.vTaskStartScheduler)
    i.vTaskSuspendAll                        0x08006c88   Section        0  tasks.o(i.vTaskSuspendAll)
    i.vTaskSwitchContext                     0x08006c98   Section        0  tasks.o(i.vTaskSwitchContext)
    i.vec_expand                             0x08006cfc   Section        0  main.o(i.vec_expand)
    vec_expand                               0x08006cfd   Thumb Code    50  main.o(i.vec_expand)
    i.xPortStartScheduler                    0x08006d30   Section        0  port.o(i.xPortStartScheduler)
    i.xQueueCreateCountingSemaphore          0x08006e24   Section        0  queue.o(i.xQueueCreateCountingSemaphore)
    i.xQueueCreateCountingSemaphoreStatic    0x08006e5e   Section        0  queue.o(i.xQueueCreateCountingSemaphoreStatic)
    i.xQueueGenericCreate                    0x08006e9e   Section        0  queue.o(i.xQueueGenericCreate)
    i.xQueueGenericCreateStatic              0x08006ee6   Section        0  queue.o(i.xQueueGenericCreateStatic)
    i.xQueueGenericReset                     0x08006f4c   Section        0  queue.o(i.xQueueGenericReset)
    i.xQueueGenericSend                      0x08006fd4   Section        0  queue.o(i.xQueueGenericSend)
    i.xQueueGenericSendFromISR               0x08007134   Section        0  queue.o(i.xQueueGenericSendFromISR)
    i.xQueueReceive                          0x080071f0   Section        0  queue.o(i.xQueueReceive)
    i.xQueueSemaphoreTake                    0x08007328   Section        0  queue.o(i.xQueueSemaphoreTake)
    i.xTaskCheckForTimeOut                   0x080074a0   Section        0  tasks.o(i.xTaskCheckForTimeOut)
    i.xTaskCreate                            0x08007514   Section        0  tasks.o(i.xTaskCreate)
    i.xTaskCreateStatic                      0x08007574   Section        0  tasks.o(i.xTaskCreateStatic)
    i.xTaskGetSchedulerState                 0x080075cc   Section        0  tasks.o(i.xTaskGetSchedulerState)
    i.xTaskGetTickCount                      0x080075e8   Section        0  tasks.o(i.xTaskGetTickCount)
    i.xTaskIncrementTick                     0x080075f4   Section        0  tasks.o(i.xTaskIncrementTick)
    i.xTaskPriorityDisinherit                0x080076bc   Section        0  tasks.o(i.xTaskPriorityDisinherit)
    i.xTaskPriorityInherit                   0x0800773c   Section        0  tasks.o(i.xTaskPriorityInherit)
    i.xTaskRemoveFromEventList               0x080077b4   Section        0  tasks.o(i.xTaskRemoveFromEventList)
    i.xTaskResumeAll                         0x08007824   Section        0  tasks.o(i.xTaskResumeAll)
    i.xTimerCreateTimerTask                  0x080078e8   Section        0  timers.o(i.xTimerCreateTimerTask)
    i.xTimerGenericCommand                   0x08007948   Section        0  timers.o(i.xTimerGenericCommand)
    .constdata                               0x080079b0   Section      216  main.o(.constdata)
    .constdata                               0x08007a88   Section       64  system_stm32l4xx.o(.constdata)
    .constdata                               0x08007ac8   Section        8  system_stm32l4xx.o(.constdata)
    .constdata                               0x08007ad0   Section      320  powf.o(.constdata)
    table                                    0x08007ad0   Data         128  powf.o(.constdata)
    powersof2to1over16top                    0x08007b50   Data          64  powf.o(.constdata)
    powersof2to1over16bot                    0x08007b90   Data          64  powf.o(.constdata)
    powersof2to1over16all                    0x08007bd0   Data          64  powf.o(.constdata)
    .constdata                               0x08007c10   Section      129  ctype_o.o(.constdata)
    .constdata                               0x08007c94   Section        4  ctype_o.o(.constdata)
    table                                    0x08007c94   Data           4  ctype_o.o(.constdata)
    .conststring                             0x08007c98   Section      214  main.o(.conststring)
    .data                                    0x20000000   Section      380  main.o(.data)
    Rx_queue                                 0x20000001   Data           1  main.o(.data)
    Status                                   0x20000002   Data           1  main.o(.data)
    Command                                  0x20000003   Data           1  main.o(.data)
    DataLenHigh8                             0x20000004   Data           2  main.o(.data)
    DataLenLow8                              0x20000006   Data           2  main.o(.data)
    DataLen                                  0x20000008   Data           2  main.o(.data)
    xReturn                                  0x2000000c   Data           4  main.o(.data)
    xReturn                                  0x20000010   Data           4  main.o(.data)
    xReturn                                  0x20000014   Data           4  main.o(.data)
    prec                                     0x20000034   Data         112  main.o(.data)
    OPS                                      0x200000a4   Data         216  main.o(.data)
    .data                                    0x2000017c   Section       12  stm32l4xx_hal.o(.data)
    .data                                    0x20000188   Section        4  system_stm32l4xx.o(.data)
    .data                                    0x2000018c   Section       60  tasks.o(.data)
    pxDelayedTaskList                        0x20000190   Data           4  tasks.o(.data)
    pxOverflowDelayedTaskList                0x20000194   Data           4  tasks.o(.data)
    uxDeletedTasksWaitingCleanUp             0x20000198   Data           4  tasks.o(.data)
    uxCurrentNumberOfTasks                   0x2000019c   Data           4  tasks.o(.data)
    xTickCount                               0x200001a0   Data           4  tasks.o(.data)
    uxTopReadyPriority                       0x200001a4   Data           4  tasks.o(.data)
    xSchedulerRunning                        0x200001a8   Data           4  tasks.o(.data)
    uxPendedTicks                            0x200001ac   Data           4  tasks.o(.data)
    xYieldPending                            0x200001b0   Data           4  tasks.o(.data)
    xNumOfOverflows                          0x200001b4   Data           4  tasks.o(.data)
    uxTaskNumber                             0x200001b8   Data           4  tasks.o(.data)
    xNextTaskUnblockTime                     0x200001bc   Data           4  tasks.o(.data)
    xIdleTaskHandle                          0x200001c0   Data           4  tasks.o(.data)
    uxSchedulerSuspended                     0x200001c4   Data           4  tasks.o(.data)
    .data                                    0x200001c8   Section       20  timers.o(.data)
    pxCurrentTimerList                       0x200001c8   Data           4  timers.o(.data)
    pxOverflowTimerList                      0x200001cc   Data           4  timers.o(.data)
    xTimerQueue                              0x200001d0   Data           4  timers.o(.data)
    xTimerTaskHandle                         0x200001d4   Data           4  timers.o(.data)
    xLastTime                                0x200001d8   Data           4  timers.o(.data)
    .data                                    0x200001dc   Section        4  cmsis_os2.o(.data)
    KernelState                              0x200001dc   Data           4  cmsis_os2.o(.data)
    .data                                    0x200001e0   Section       24  heap_4.o(.data)
    pxEnd                                    0x200001e0   Data           4  heap_4.o(.data)
    xFreeBytesRemaining                      0x200001e4   Data           4  heap_4.o(.data)
    xMinimumEverFreeBytesRemaining           0x200001e8   Data           4  heap_4.o(.data)
    xBlockAllocatedBit                       0x200001ec   Data           4  heap_4.o(.data)
    xStart                                   0x200001f0   Data           8  heap_4.o(.data)
    .data                                    0x200001f8   Section       12  port.o(.data)
    ucMaxSysCallPriority                     0x200001f8   Data           1  port.o(.data)
    uxCriticalNesting                        0x200001fc   Data           4  port.o(.data)
    ulMaxPRIGROUPValue                       0x20000200   Data           4  port.o(.data)
    .data                                    0x20000204   Section        4  stdout.o(.data)
    .data                                    0x20000208   Section        4  mvars.o(.data)
    .data                                    0x2000020c   Section        4  mvars.o(.data)
    .data                                    0x20000210   Section        4  errno.o(.data)
    _errno                                   0x20000210   Data           4  errno.o(.data)
    .bss                                     0x20000214   Section     6312  main.o(.bss)
    .bss                                     0x20001abc   Section       72  main.o(.bss)
    .bss                                     0x20001b04   Section       72  main.o(.bss)
    .bss                                     0x20001b4c   Section       64  stm32l4xx_hal_timebase_tim.o(.bss)
    .bss                                     0x20001b8c   Section       64  queue.o(.bss)
    .bss                                     0x20001bcc   Section     1220  tasks.o(.bss)
    pxReadyTasksLists                        0x20001bcc   Data        1120  tasks.o(.bss)
    xDelayedTaskList1                        0x2000202c   Data          20  tasks.o(.bss)
    xDelayedTaskList2                        0x20002040   Data          20  tasks.o(.bss)
    xPendingReadyList                        0x20002054   Data          20  tasks.o(.bss)
    xTasksWaitingTermination                 0x20002068   Data          20  tasks.o(.bss)
    xSuspendedTaskList                       0x2000207c   Data          20  tasks.o(.bss)
    .bss                                     0x20002090   Section      280  timers.o(.bss)
    xActiveTimerList1                        0x20002090   Data          20  timers.o(.bss)
    xActiveTimerList2                        0x200020a4   Data          20  timers.o(.bss)
    xStaticTimerQueue                        0x200020b8   Data          80  timers.o(.bss)
    ucStaticTimerQueueStorage                0x20002108   Data         160  timers.o(.bss)
    .bss                                     0x200021a8   Section     1720  cmsis_os2.o(.bss)
    Idle_TCB                                 0x200021a8   Data          92  cmsis_os2.o(.bss)
    Idle_Stack                               0x20002204   Data         512  cmsis_os2.o(.bss)
    Timer_TCB                                0x20002404   Data          92  cmsis_os2.o(.bss)
    Timer_Stack                              0x20002460   Data        1024  cmsis_os2.o(.bss)
    .bss                                     0x20002860   Section    16384  heap_4.o(.bss)
    ucHeap                                   0x20002860   Data       16384  heap_4.o(.bss)
    HEAP                                     0x20006860   Section    12288  startup_stm32l431xx.o(HEAP)
    STACK                                    0x20009860   Section    12288  startup_stm32l431xx.o(STACK)

    Global Symbols

    Symbol Name                              Value     Ov Type        Size  Object(Section)

    BuildAttributes$$THM_ISAv4$E$P$D$K$B$S$7EM$VFPi3$EXTD16$VFPS$VFMA$PE$A:L22UL41UL21$X:L11$S22US41US21$IEEE1$IW$USESV6$~STKCKD$USESV7$~SHL$OTIME$ROPI$IEEEX$EBA8$MICROLIB$REQ8$PRES8$EABIv2 0x00000000   Number         0  anon$$obj.o ABSOLUTE
    __ARM_use_no_argv                        0x00000000   Number         0  main.o ABSOLUTE
    _printf_a                                0x00000000   Number         0  stubs.o ABSOLUTE
    _printf_c                                0x00000000   Number         0  stubs.o ABSOLUTE
    _printf_charcount                        0x00000000   Number         0  stubs.o ABSOLUTE
    _printf_d                                0x00000000   Number         0  stubs.o ABSOLUTE
    _printf_e                                0x00000000   Number         0  stubs.o ABSOLUTE
    _printf_f                                0x00000000   Number         0  stubs.o ABSOLUTE
    _printf_flags                            0x00000000   Number         0  stubs.o ABSOLUTE
    _printf_fp_dec                           0x00000000   Number         0  stubs.o ABSOLUTE
    _printf_fp_hex                           0x00000000   Number         0  stubs.o ABSOLUTE
    _printf_g                                0x00000000   Number         0  stubs.o ABSOLUTE
    _printf_i                                0x00000000   Number         0  stubs.o ABSOLUTE
    _printf_int_dec                          0x00000000   Number         0  stubs.o ABSOLUTE
    _printf_l                                0x00000000   Number         0  stubs.o ABSOLUTE
    _printf_lc                               0x00000000   Number         0  stubs.o ABSOLUTE
    _printf_ll                               0x00000000   Number         0  stubs.o ABSOLUTE
    _printf_lld                              0x00000000   Number         0  stubs.o ABSOLUTE
    _printf_lli                              0x00000000   Number         0  stubs.o ABSOLUTE
    _printf_llo                              0x00000000   Number         0  stubs.o ABSOLUTE
    _printf_llu                              0x00000000   Number         0  stubs.o ABSOLUTE
    _printf_llx                              0x00000000   Number         0  stubs.o ABSOLUTE
    _printf_longlong_dec                     0x00000000   Number         0  stubs.o ABSOLUTE
    _printf_longlong_hex                     0x00000000   Number         0  stubs.o ABSOLUTE
    _printf_longlong_oct                     0x00000000   Number         0  stubs.o ABSOLUTE
    _printf_ls                               0x00000000   Number         0  stubs.o ABSOLUTE
    _printf_mbtowc                           0x00000000   Number         0  stubs.o ABSOLUTE
    _printf_n                                0x00000000   Number         0  stubs.o ABSOLUTE
    _printf_o                                0x00000000   Number         0  stubs.o ABSOLUTE
    _printf_p                                0x00000000   Number         0  stubs.o ABSOLUTE
    _printf_percent                          0x00000000   Number         0  stubs.o ABSOLUTE
    _printf_pre_padding                      0x00000000   Number         0  stubs.o ABSOLUTE
    _printf_return_value                     0x00000000   Number         0  stubs.o ABSOLUTE
    _printf_s                                0x00000000   Number         0  stubs.o ABSOLUTE
    _printf_sizespec                         0x00000000   Number         0  stubs.o ABSOLUTE
    _printf_str                              0x00000000   Number         0  stubs.o ABSOLUTE
    _printf_truncate_signed                  0x00000000   Number         0  stubs.o ABSOLUTE
    _printf_truncate_unsigned                0x00000000   Number         0  stubs.o ABSOLUTE
    _printf_u                                0x00000000   Number         0  stubs.o ABSOLUTE
    _printf_wc                               0x00000000   Number         0  stubs.o ABSOLUTE
    _printf_wctomb                           0x00000000   Number         0  stubs.o ABSOLUTE
    _printf_widthprec                        0x00000000   Number         0  stubs.o ABSOLUTE
    _printf_x                                0x00000000   Number         0  stubs.o ABSOLUTE
    __cpp_initialize__aeabi_                  - Undefined Weak Reference
    __cxa_finalize                            - Undefined Weak Reference
    _clock_init                               - Undefined Weak Reference
    _microlib_exit                            - Undefined Weak Reference
    __Vectors_Size                           0x0000018c   Number         0  startup_stm32l431xx.o ABSOLUTE
    __Vectors                                0x08000000   Data           4  startup_stm32l431xx.o(RESET)
    __Vectors_End                            0x0800018c   Data           0  startup_stm32l431xx.o(RESET)
    __main                                   0x0800018d   Thumb Code     0  entry.o(.ARM.Collect$$$$00000000)
    _main_stk                                0x0800018d   Thumb Code     0  entry2.o(.ARM.Collect$$$$00000001)
    _main_scatterload                        0x08000191   Thumb Code     0  entry5.o(.ARM.Collect$$$$00000004)
    __main_after_scatterload                 0x08000195   Thumb Code     0  entry5.o(.ARM.Collect$$$$00000004)
    _main_clock                              0x08000195   Thumb Code     0  entry7b.o(.ARM.Collect$$$$00000008)
    _main_cpp_init                           0x08000195   Thumb Code     0  entry8b.o(.ARM.Collect$$$$0000000A)
    _main_init                               0x08000195   Thumb Code     0  entry9a.o(.ARM.Collect$$$$0000000B)
    __rt_final_cpp                           0x0800019d   Thumb Code     0  entry10a.o(.ARM.Collect$$$$0000000D)
    __rt_final_exit                          0x0800019d   Thumb Code     0  entry11a.o(.ARM.Collect$$$$0000000F)
    SVC_Handler                              0x080001a1   Thumb Code    28  port.o(.emb_text)
    __asm___6_port_c_39a90d8d__prvStartFirstTask 0x080001c1   Thumb Code    36  port.o(.emb_text)
    __asm___6_port_c_39a90d8d__prvEnableVFP  0x080001e9   Thumb Code    16  port.o(.emb_text)
    PendSV_Handler                           0x080001fd   Thumb Code    88  port.o(.emb_text)
    vPortGetIPSR                             0x08000259   Thumb Code     6  port.o(.emb_text)
    Reset_Handler                            0x08000281   Thumb Code     8  startup_stm32l431xx.o(.text)
    ADC1_IRQHandler                          0x0800029b   Thumb Code     0  startup_stm32l431xx.o(.text)
    CAN1_RX0_IRQHandler                      0x0800029b   Thumb Code     0  startup_stm32l431xx.o(.text)
    CAN1_RX1_IRQHandler                      0x0800029b   Thumb Code     0  startup_stm32l431xx.o(.text)
    CAN1_SCE_IRQHandler                      0x0800029b   Thumb Code     0  startup_stm32l431xx.o(.text)
    CAN1_TX_IRQHandler                       0x0800029b   Thumb Code     0  startup_stm32l431xx.o(.text)
    COMP_IRQHandler                          0x0800029b   Thumb Code     0  startup_stm32l431xx.o(.text)
    CRS_IRQHandler                           0x0800029b   Thumb Code     0  startup_stm32l431xx.o(.text)
    DMA1_Channel1_IRQHandler                 0x0800029b   Thumb Code     0  startup_stm32l431xx.o(.text)
    DMA1_Channel2_IRQHandler                 0x0800029b   Thumb Code     0  startup_stm32l431xx.o(.text)
    DMA1_Channel3_IRQHandler                 0x0800029b   Thumb Code     0  startup_stm32l431xx.o(.text)
    DMA1_Channel6_IRQHandler                 0x0800029b   Thumb Code     0  startup_stm32l431xx.o(.text)
    DMA1_Channel7_IRQHandler                 0x0800029b   Thumb Code     0  startup_stm32l431xx.o(.text)
    DMA2_Channel1_IRQHandler                 0x0800029b   Thumb Code     0  startup_stm32l431xx.o(.text)
    DMA2_Channel2_IRQHandler                 0x0800029b   Thumb Code     0  startup_stm32l431xx.o(.text)
    DMA2_Channel3_IRQHandler                 0x0800029b   Thumb Code     0  startup_stm32l431xx.o(.text)
    DMA2_Channel4_IRQHandler                 0x0800029b   Thumb Code     0  startup_stm32l431xx.o(.text)
    DMA2_Channel5_IRQHandler                 0x0800029b   Thumb Code     0  startup_stm32l431xx.o(.text)
    DMA2_Channel6_IRQHandler                 0x0800029b   Thumb Code     0  startup_stm32l431xx.o(.text)
    DMA2_Channel7_IRQHandler                 0x0800029b   Thumb Code     0  startup_stm32l431xx.o(.text)
    EXTI0_IRQHandler                         0x0800029b   Thumb Code     0  startup_stm32l431xx.o(.text)
    EXTI15_10_IRQHandler                     0x0800029b   Thumb Code     0  startup_stm32l431xx.o(.text)
    EXTI1_IRQHandler                         0x0800029b   Thumb Code     0  startup_stm32l431xx.o(.text)
    EXTI2_IRQHandler                         0x0800029b   Thumb Code     0  startup_stm32l431xx.o(.text)
    EXTI3_IRQHandler                         0x0800029b   Thumb Code     0  startup_stm32l431xx.o(.text)
    EXTI4_IRQHandler                         0x0800029b   Thumb Code     0  startup_stm32l431xx.o(.text)
    EXTI9_5_IRQHandler                       0x0800029b   Thumb Code     0  startup_stm32l431xx.o(.text)
    FLASH_IRQHandler                         0x0800029b   Thumb Code     0  startup_stm32l431xx.o(.text)
    FPU_IRQHandler                           0x0800029b   Thumb Code     0  startup_stm32l431xx.o(.text)
    I2C1_ER_IRQHandler                       0x0800029b   Thumb Code     0  startup_stm32l431xx.o(.text)
    I2C1_EV_IRQHandler                       0x0800029b   Thumb Code     0  startup_stm32l431xx.o(.text)
    I2C2_ER_IRQHandler                       0x0800029b   Thumb Code     0  startup_stm32l431xx.o(.text)
    I2C2_EV_IRQHandler                       0x0800029b   Thumb Code     0  startup_stm32l431xx.o(.text)
    I2C3_ER_IRQHandler                       0x0800029b   Thumb Code     0  startup_stm32l431xx.o(.text)
    I2C3_EV_IRQHandler                       0x0800029b   Thumb Code     0  startup_stm32l431xx.o(.text)
    LPTIM1_IRQHandler                        0x0800029b   Thumb Code     0  startup_stm32l431xx.o(.text)
    LPTIM2_IRQHandler                        0x0800029b   Thumb Code     0  startup_stm32l431xx.o(.text)
    LPUART1_IRQHandler                       0x0800029b   Thumb Code     0  startup_stm32l431xx.o(.text)
    PVD_PVM_IRQHandler                       0x0800029b   Thumb Code     0  startup_stm32l431xx.o(.text)
    QUADSPI_IRQHandler                       0x0800029b   Thumb Code     0  startup_stm32l431xx.o(.text)
    RCC_IRQHandler                           0x0800029b   Thumb Code     0  startup_stm32l431xx.o(.text)
    RNG_IRQHandler                           0x0800029b   Thumb Code     0  startup_stm32l431xx.o(.text)
    RTC_Alarm_IRQHandler                     0x0800029b   Thumb Code     0  startup_stm32l431xx.o(.text)
    RTC_WKUP_IRQHandler                      0x0800029b   Thumb Code     0  startup_stm32l431xx.o(.text)
    SAI1_IRQHandler                          0x0800029b   Thumb Code     0  startup_stm32l431xx.o(.text)
    SDMMC1_IRQHandler                        0x0800029b   Thumb Code     0  startup_stm32l431xx.o(.text)
    SPI1_IRQHandler                          0x0800029b   Thumb Code     0  startup_stm32l431xx.o(.text)
    SPI2_IRQHandler                          0x0800029b   Thumb Code     0  startup_stm32l431xx.o(.text)
    SPI3_IRQHandler                          0x0800029b   Thumb Code     0  startup_stm32l431xx.o(.text)
    SWPMI1_IRQHandler                        0x0800029b   Thumb Code     0  startup_stm32l431xx.o(.text)
    TAMP_STAMP_IRQHandler                    0x0800029b   Thumb Code     0  startup_stm32l431xx.o(.text)
    TIM1_BRK_TIM15_IRQHandler                0x0800029b   Thumb Code     0  startup_stm32l431xx.o(.text)
    TIM1_CC_IRQHandler                       0x0800029b   Thumb Code     0  startup_stm32l431xx.o(.text)
    TIM1_TRG_COM_IRQHandler                  0x0800029b   Thumb Code     0  startup_stm32l431xx.o(.text)
    TIM2_IRQHandler                          0x0800029b   Thumb Code     0  startup_stm32l431xx.o(.text)
    TIM6_DAC_IRQHandler                      0x0800029b   Thumb Code     0  startup_stm32l431xx.o(.text)
    TIM7_IRQHandler                          0x0800029b   Thumb Code     0  startup_stm32l431xx.o(.text)
    TSC_IRQHandler                           0x0800029b   Thumb Code     0  startup_stm32l431xx.o(.text)
    USART2_IRQHandler                        0x0800029b   Thumb Code     0  startup_stm32l431xx.o(.text)
    USART3_IRQHandler                        0x0800029b   Thumb Code     0  startup_stm32l431xx.o(.text)
    WWDG_IRQHandler                          0x0800029b   Thumb Code     0  startup_stm32l431xx.o(.text)
    __aeabi_uldivmod                         0x080002a5   Thumb Code    98  uldiv.o(.text)
    __rt_ctype_table                         0x0800030d   Thumb Code     4  ctype_o.o(.text)
    __aeabi_memcpy                           0x08000315   Thumb Code    36  memcpya.o(.text)
    __aeabi_memcpy4                          0x08000315   Thumb Code     0  memcpya.o(.text)
    __aeabi_memcpy8                          0x08000315   Thumb Code     0  memcpya.o(.text)
    __aeabi_memset                           0x08000339   Thumb Code    14  memseta.o(.text)
    __aeabi_memset4                          0x08000339   Thumb Code     0  memseta.o(.text)
    __aeabi_memset8                          0x08000339   Thumb Code     0  memseta.o(.text)
    __aeabi_memclr                           0x08000347   Thumb Code     4  memseta.o(.text)
    __aeabi_memclr4                          0x08000347   Thumb Code     0  memseta.o(.text)
    __aeabi_memclr8                          0x08000347   Thumb Code     0  memseta.o(.text)
    memset                                   0x0800034b   Thumb Code    18  memseta.o(.text)
    strncpy                                  0x0800035d   Thumb Code    24  strncpy.o(.text)
    strlen                                   0x08000375   Thumb Code    14  strlen.o(.text)
    strncmp                                  0x08000383   Thumb Code    30  strncmp.o(.text)
    calloc                                   0x080003a1   Thumb Code    28  calloc.o(.text)
    __aeabi_f2d                              0x080003bd   Thumb Code    38  f2d.o(.text)
    __aeabi_uidiv                            0x080003e3   Thumb Code     0  uidiv.o(.text)
    __aeabi_uidivmod                         0x080003e3   Thumb Code    44  uidiv.o(.text)
    __aeabi_llsl                             0x0800040f   Thumb Code    30  llshl.o(.text)
    _ll_shift_l                              0x0800040f   Thumb Code     0  llshl.o(.text)
    __aeabi_llsr                             0x0800042d   Thumb Code    32  llushr.o(.text)
    _ll_ushift_r                             0x0800042d   Thumb Code     0  llushr.o(.text)
    __I$use$fp                               0x0800044d   Thumb Code     0  iusefp.o(.text)
    _frem                                    0x0800044d   Thumb Code    82  frem.o(.text)
    __aeabi_dadd                             0x0800049f   Thumb Code   322  dadd.o(.text)
    __aeabi_dsub                             0x080005e1   Thumb Code     6  dadd.o(.text)
    __aeabi_drsub                            0x080005e7   Thumb Code     6  dadd.o(.text)
    __aeabi_dmul                             0x080005fd   Thumb Code   228  dmul.o(.text)
    __aeabi_ddiv                             0x080006e7   Thumb Code   222  ddiv.o(.text)
    __aeabi_d2ulz                            0x080007c5   Thumb Code    48  dfixul.o(.text)
    __aeabi_cdrcmple                         0x080007f5   Thumb Code    48  cdrcmple.o(.text)
    __fp_status                              0x08000825   Thumb Code     4  fpstat.o(.text)
    __ieee_status                            0x08000825   Thumb Code     0  fpstat.o(.text)
    __scatterload                            0x08000829   Thumb Code    28  init.o(.text)
    __scatterload_rt2                        0x08000829   Thumb Code     0  init.o(.text)
    __aeabi_lasr                             0x0800084d   Thumb Code    36  llsshr.o(.text)
    _ll_sshift_r                             0x0800084d   Thumb Code     0  llsshr.o(.text)
    _float_round                             0x08000871   Thumb Code    18  fepilogue.o(.text)
    _float_epilogue                          0x08000883   Thumb Code    92  fepilogue.o(.text)
    _double_round                            0x080008df   Thumb Code    30  depilogue.o(.text)
    _double_epilogue                         0x080008fd   Thumb Code   156  depilogue.o(.text)
    __decompress                             0x08000999   Thumb Code     0  __dczerorl2.o(.text)
    __decompress1                            0x08000999   Thumb Code    86  __dczerorl2.o(.text)
    BusFault_Handler                         0x080009ef   Thumb Code     2  stm32l4xx_it.o(i.BusFault_Handler)
    DEV_Module_Exit                          0x080009f1   Thumb Code    40  dev_config.o(i.DEV_Module_Exit)
    DEV_Module_Init                          0x08000a19   Thumb Code    40  dev_config.o(i.DEV_Module_Init)
    DEV_SPI_WriteByte                        0x08000a41   Thumb Code    18  dev_config.o(i.DEV_SPI_WriteByte)
    DMA1_Channel4_IRQHandler                 0x08000a59   Thumb Code     6  stm32l4xx_it.o(i.DMA1_Channel4_IRQHandler)
    DMA1_Channel5_IRQHandler                 0x08000a65   Thumb Code     6  stm32l4xx_it.o(i.DMA1_Channel5_IRQHandler)
    DebugMon_Handler                         0x08000a9f   Thumb Code     2  stm32l4xx_it.o(i.DebugMon_Handler)
    EPD_1IN54C_Display                       0x08000aa1   Thumb Code   108  epd_1in54c.o(i.EPD_1IN54C_Display)
    EPD_1IN54C_Init                          0x08000b0d   Thumb Code   146  epd_1in54c.o(i.EPD_1IN54C_Init)
    Error_Handler                            0x08000c2d   Thumb Code     2  main.o(i.Error_Handler)
    HAL_DMA_Abort_IT                         0x08000c2f   Thumb Code    78  stm32l4xx_hal_dma.o(i.HAL_DMA_Abort_IT)
    HAL_DMA_IRQHandler                       0x08000c7d   Thumb Code   186  stm32l4xx_hal_dma.o(i.HAL_DMA_IRQHandler)
    HAL_DMA_Init                             0x08000d39   Thumb Code   178  stm32l4xx_hal_dma.o(i.HAL_DMA_Init)
    HAL_DMA_Start_IT                         0x08000df9   Thumb Code   112  stm32l4xx_hal_dma.o(i.HAL_DMA_Start_IT)
    HAL_GPIO_Init                            0x08000e69   Thumb Code   412  stm32l4xx_hal_gpio.o(i.HAL_GPIO_Init)
    HAL_GPIO_ReadPin                         0x08001027   Thumb Code    10  stm32l4xx_hal_gpio.o(i.HAL_GPIO_ReadPin)
    HAL_GPIO_WritePin                        0x08001031   Thumb Code    10  stm32l4xx_hal_gpio.o(i.HAL_GPIO_WritePin)
    HAL_GetTick                              0x0800103d   Thumb Code     6  stm32l4xx_hal.o(i.HAL_GetTick)
    HAL_IWDG_Init                            0x08001049   Thumb Code    94  stm32l4xx_hal_iwdg.o(i.HAL_IWDG_Init)
    HAL_IWDG_Refresh                         0x080010a7   Thumb Code    12  stm32l4xx_hal_iwdg.o(i.HAL_IWDG_Refresh)
    HAL_IncTick                              0x080010b5   Thumb Code    12  stm32l4xx_hal.o(i.HAL_IncTick)
    HAL_Init                                 0x080010c5   Thumb Code    30  stm32l4xx_hal.o(i.HAL_Init)
    HAL_InitTick                             0x080010e5   Thumb Code    98  stm32l4xx_hal_timebase_tim.o(i.HAL_InitTick)
    HAL_MspInit                              0x08001159   Thumb Code    48  stm32l4xx_hal_msp.o(i.HAL_MspInit)
    HAL_NVIC_EnableIRQ                       0x0800118d   Thumb Code    26  stm32l4xx_hal_cortex.o(i.HAL_NVIC_EnableIRQ)
    HAL_NVIC_SetPriority                     0x080011a9   Thumb Code    60  stm32l4xx_hal_cortex.o(i.HAL_NVIC_SetPriority)
    HAL_NVIC_SetPriorityGrouping             0x080011e9   Thumb Code    26  stm32l4xx_hal_cortex.o(i.HAL_NVIC_SetPriorityGrouping)
    HAL_PWREx_ControlVoltageScaling          0x0800120d   Thumb Code    90  stm32l4xx_hal_pwr_ex.o(i.HAL_PWREx_ControlVoltageScaling)
    HAL_PWREx_GetVoltageRange                0x08001275   Thumb Code    10  stm32l4xx_hal_pwr_ex.o(i.HAL_PWREx_GetVoltageRange)
    HAL_RCCEx_PeriphCLKConfig                0x08001285   Thumb Code   682  stm32l4xx_hal_rcc_ex.o(i.HAL_RCCEx_PeriphCLKConfig)
    HAL_RCC_ClockConfig                      0x08001541   Thumb Code   266  stm32l4xx_hal_rcc.o(i.HAL_RCC_ClockConfig)
    HAL_RCC_GetClockConfig                   0x08001661   Thumb Code    54  stm32l4xx_hal_rcc.o(i.HAL_RCC_GetClockConfig)
    HAL_RCC_GetPCLK1Freq                     0x080016a1   Thumb Code    24  stm32l4xx_hal_rcc.o(i.HAL_RCC_GetPCLK1Freq)
    HAL_RCC_GetPCLK2Freq                     0x080016c5   Thumb Code    24  stm32l4xx_hal_rcc.o(i.HAL_RCC_GetPCLK2Freq)
    HAL_RCC_GetSysClockFreq                  0x080016e9   Thumb Code   150  stm32l4xx_hal_rcc.o(i.HAL_RCC_GetSysClockFreq)
    HAL_RCC_OscConfig                        0x0800178d   Thumb Code  1382  stm32l4xx_hal_rcc.o(i.HAL_RCC_OscConfig)
    HAL_SPI_Init                             0x08001cf9   Thumb Code   172  stm32l4xx_hal_spi.o(i.HAL_SPI_Init)
    HAL_SPI_MspInit                          0x08001da5   Thumb Code    90  stm32l4xx_hal_msp.o(i.HAL_SPI_MspInit)
    HAL_SPI_Transmit                         0x08001e09   Thumb Code   382  stm32l4xx_hal_spi.o(i.HAL_SPI_Transmit)
    HAL_TIMEx_Break2Callback                 0x08001f8d   Thumb Code     2  stm32l4xx_hal_tim_ex.o(i.HAL_TIMEx_Break2Callback)
    HAL_TIMEx_BreakCallback                  0x08001f8f   Thumb Code     2  stm32l4xx_hal_tim_ex.o(i.HAL_TIMEx_BreakCallback)
    HAL_TIMEx_CommutCallback                 0x08001f91   Thumb Code     2  stm32l4xx_hal_tim_ex.o(i.HAL_TIMEx_CommutCallback)
    HAL_TIMEx_MasterConfigSynchronization    0x08001f95   Thumb Code    98  stm32l4xx_hal_tim_ex.o(i.HAL_TIMEx_MasterConfigSynchronization)
    HAL_TIM_Base_Init                        0x08002001   Thumb Code    54  stm32l4xx_hal_tim.o(i.HAL_TIM_Base_Init)
    HAL_TIM_Base_MspInit                     0x08002039   Thumb Code    30  stm32l4xx_hal_msp.o(i.HAL_TIM_Base_MspInit)
    HAL_TIM_Base_Start_IT                    0x08002061   Thumb Code    40  stm32l4xx_hal_tim.o(i.HAL_TIM_Base_Start_IT)
    HAL_TIM_IC_CaptureCallback               0x0800208d   Thumb Code     2  stm32l4xx_hal_tim.o(i.HAL_TIM_IC_CaptureCallback)
    HAL_TIM_IRQHandler                       0x0800208f   Thumb Code   388  stm32l4xx_hal_tim.o(i.HAL_TIM_IRQHandler)
    HAL_TIM_OC_DelayElapsedCallback          0x08002213   Thumb Code     2  stm32l4xx_hal_tim.o(i.HAL_TIM_OC_DelayElapsedCallback)
    HAL_TIM_PWM_PulseFinishedCallback        0x08002215   Thumb Code     2  stm32l4xx_hal_tim.o(i.HAL_TIM_PWM_PulseFinishedCallback)
    HAL_TIM_PeriodElapsedCallback            0x08002219   Thumb Code    14  main.o(i.HAL_TIM_PeriodElapsedCallback)
    HAL_TIM_TriggerCallback                  0x0800222d   Thumb Code     2  stm32l4xx_hal_tim.o(i.HAL_TIM_TriggerCallback)
    HAL_UARTEx_WakeupCallback                0x0800222f   Thumb Code     2  stm32l4xx_hal_uart_ex.o(i.HAL_UARTEx_WakeupCallback)
    HAL_UART_ErrorCallback                   0x08002231   Thumb Code     2  stm32l4xx_hal_uart.o(i.HAL_UART_ErrorCallback)
    HAL_UART_IRQHandler                      0x08002235   Thumb Code   348  stm32l4xx_hal_uart.o(i.HAL_UART_IRQHandler)
    HAL_UART_Init                            0x08002395   Thumb Code   102  stm32l4xx_hal_uart.o(i.HAL_UART_Init)
    HAL_UART_MspInit                         0x080023fd   Thumb Code   260  stm32l4xx_hal_msp.o(i.HAL_UART_MspInit)
    HAL_UART_Receive_DMA                     0x0800251d   Thumb Code   142  stm32l4xx_hal_uart.o(i.HAL_UART_Receive_DMA)
    HAL_UART_RxCpltCallback                  0x080025b9   Thumb Code    62  main.o(i.HAL_UART_RxCpltCallback)
    HAL_UART_RxHalfCpltCallback              0x0800260d   Thumb Code     2  stm32l4xx_hal_uart.o(i.HAL_UART_RxHalfCpltCallback)
    HAL_UART_Transmit                        0x08002611   Thumb Code   182  stm32l4xx_hal_uart.o(i.HAL_UART_Transmit)
    HAL_UART_TxCpltCallback                  0x080026c7   Thumb Code     2  stm32l4xx_hal_uart.o(i.HAL_UART_TxCpltCallback)
    HardFault_Handler                        0x080026c9   Thumb Code     2  stm32l4xx_it.o(i.HardFault_Handler)
    MemManage_Handler                        0x08002801   Thumb Code     2  stm32l4xx_it.o(i.MemManage_Handler)
    NMI_Handler                              0x08002803   Thumb Code     2  stm32l4xx_it.o(i.NMI_Handler)
    SysTick_Handler                          0x08002b21   Thumb Code    38  port.o(i.SysTick_Handler)
    SystemClock_Config                       0x08002b4d   Thumb Code   100  main.o(i.SystemClock_Config)
    SystemInit                               0x08002bb1   Thumb Code    56  system_stm32l4xx.o(i.SystemInit)
    TIM1_UP_TIM16_IRQHandler                 0x08002bf5   Thumb Code     6  stm32l4xx_it.o(i.TIM1_UP_TIM16_IRQHandler)
    TIM_Base_SetConfig                       0x08002c01   Thumb Code    94  stm32l4xx_hal_tim.o(i.TIM_Base_SetConfig)
    TaskAllocator                            0x08002c6d   Thumb Code   328  main.o(i.TaskAllocator)
    TaskBlinkLED                             0x08002e4d   Thumb Code    50  main.o(i.TaskBlinkLED)
    TaskCalculation                          0x08002e89   Thumb Code   122  main.o(i.TaskCalculation)
    TaskScreenRefresh                        0x08002f3d   Thumb Code    56  main.o(i.TaskScreenRefresh)
    UART_AdvFeatureConfig                    0x08002fb1   Thumb Code   200  stm32l4xx_hal_uart.o(i.UART_AdvFeatureConfig)
    UART_CheckIdleState                      0x08003079   Thumb Code    88  stm32l4xx_hal_uart.o(i.UART_CheckIdleState)
    UART_SetConfig                           0x080031a1   Thumb Code   544  stm32l4xx_hal_uart.o(i.UART_SetConfig)
    UART_WaitOnFlagUntilTimeout              0x080033e9   Thumb Code   164  stm32l4xx_hal_uart.o(i.UART_WaitOnFlagUntilTimeout)
    USART1_IRQHandler                        0x0800348d   Thumb Code     6  stm32l4xx_it.o(i.USART1_IRQHandler)
    UsageFault_Handler                       0x08003499   Thumb Code     2  stm32l4xx_it.o(i.UsageFault_Handler)
    __0printf                                0x0800349d   Thumb Code    22  printfa.o(i.__0printf)
    __1printf                                0x0800349d   Thumb Code     0  printfa.o(i.__0printf)
    __2printf                                0x0800349d   Thumb Code     0  printfa.o(i.__0printf)
    __c89printf                              0x0800349d   Thumb Code     0  printfa.o(i.__0printf)
    printf                                   0x0800349d   Thumb Code     0  printfa.o(i.__0printf)
    __0snprintf                              0x080034bd   Thumb Code    44  printfa.o(i.__0snprintf)
    __1snprintf                              0x080034bd   Thumb Code     0  printfa.o(i.__0snprintf)
    __2snprintf                              0x080034bd   Thumb Code     0  printfa.o(i.__0snprintf)
    __c89snprintf                            0x080034bd   Thumb Code     0  printfa.o(i.__0snprintf)
    snprintf                                 0x080034bd   Thumb Code     0  printfa.o(i.__0snprintf)
    __ARM_fpclassifyf                        0x080034ed   Thumb Code    38  fpclassifyf.o(i.__ARM_fpclassifyf)
    free                                     0x08003541   Thumb Code    88  mallocr.o(i.__free$realloc)
    __hardfp_fmodf                           0x0800359d   Thumb Code   176  fmodf.o(i.__hardfp_fmodf)
    __hardfp_powf                            0x0800364d   Thumb Code  1606  powf.o(i.__hardfp_powf)
    __mathlib_powf                           0x0800364d   Thumb Code     0  powf.o(i.__hardfp_powf)
    malloc                                   0x08003cb1   Thumb Code    64  mallocr.o(i.__malloc$realloc)
    __mathlib_flt_divzero                    0x08003d01   Thumb Code    14  funder.o(i.__mathlib_flt_divzero)
    __mathlib_flt_infnan2                    0x08003d15   Thumb Code     6  funder.o(i.__mathlib_flt_infnan2)
    __mathlib_flt_invalid                    0x08003d1d   Thumb Code    10  funder.o(i.__mathlib_flt_invalid)
    __mathlib_flt_overflow                   0x08003d2d   Thumb Code    10  funder.o(i.__mathlib_flt_overflow)
    __mathlib_flt_underflow                  0x08003d3d   Thumb Code    10  funder.o(i.__mathlib_flt_underflow)
    __scatterload_copy                       0x08003d4d   Thumb Code    14  handlers.o(i.__scatterload_copy)
    __scatterload_null                       0x08003d5b   Thumb Code     2  handlers.o(i.__scatterload_null)
    __scatterload_zeroinit                   0x08003d5d   Thumb Code    14  handlers.o(i.__scatterload_zeroinit)
    __set_errno                              0x08003d6d   Thumb Code     6  errno.o(i.__set_errno)
    fputc                                    0x08005a35   Thumb Code    18  main.o(i.fputc)
    main                                     0x08005a9d   Thumb Code   300  main.o(i.main)
    osDelay                                  0x08005c19   Thumb Code    46  cmsis_os2.o(i.osDelay)
    osKernelInitialize                       0x08005c4d   Thumb Code    48  cmsis_os2.o(i.osKernelInitialize)
    osKernelStart                            0x08005c81   Thumb Code    56  cmsis_os2.o(i.osKernelStart)
    osMessageQueueNew                        0x08005cbd   Thumb Code   110  cmsis_os2.o(i.osMessageQueueNew)
    osSemaphoreNew                           0x08005d31   Thumb Code   172  cmsis_os2.o(i.osSemaphoreNew)
    osThreadNew                              0x08005de1   Thumb Code   158  cmsis_os2.o(i.osThreadNew)
    pvPortMalloc                             0x08006621   Thumb Code   210  heap_4.o(i.pvPortMalloc)
    pvTaskIncrementMutexHeldCount            0x080066f9   Thumb Code    18  tasks.o(i.pvTaskIncrementMutexHeldCount)
    pxPortInitialiseStack                    0x08006711   Thumb Code    40  port.o(i.pxPortInitialiseStack)
    realloc                                  0x0800673d   Thumb Code   102  mallocr.o(i.realloc)
    uxListRemove                             0x080067eb   Thumb Code    38  list.o(i.uxListRemove)
    vApplicationGetIdleTaskMemory            0x08006811   Thumb Code    16  cmsis_os2.o(i.vApplicationGetIdleTaskMemory)
    vApplicationGetTimerTaskMemory           0x08006825   Thumb Code    18  cmsis_os2.o(i.vApplicationGetTimerTaskMemory)
    vListInitialise                          0x0800683d   Thumb Code    22  list.o(i.vListInitialise)
    vListInitialiseItem                      0x08006853   Thumb Code     6  list.o(i.vListInitialiseItem)
    vListInsert                              0x08006859   Thumb Code    48  list.o(i.vListInsert)
    vListInsertEnd                           0x08006889   Thumb Code    24  list.o(i.vListInsertEnd)
    vPortEnterCritical                       0x080068a1   Thumb Code    54  port.o(i.vPortEnterCritical)
    vPortExitCritical                        0x080068e1   Thumb Code    34  port.o(i.vPortExitCritical)
    vPortFree                                0x08006909   Thumb Code    88  heap_4.o(i.vPortFree)
    vPortSetupTimerInterrupt                 0x08006965   Thumb Code    32  port.o(i.vPortSetupTimerInterrupt)
    vPortValidateInterruptPriority           0x08006989   Thumb Code    74  port.o(i.vPortValidateInterruptPriority)
    vQueueAddToRegistry                      0x080069dd   Thumb Code    34  queue.o(i.vQueueAddToRegistry)
    vQueueDelete                             0x08006a05   Thumb Code    46  queue.o(i.vQueueDelete)
    vQueueUnregisterQueue                    0x08006a35   Thumb Code    36  queue.o(i.vQueueUnregisterQueue)
    vQueueWaitForMessageRestricted           0x08006a5d   Thumb Code    68  queue.o(i.vQueueWaitForMessageRestricted)
    vTaskDelay                               0x08006aa1   Thumb Code    66  tasks.o(i.vTaskDelay)
    vTaskInternalSetTimeOutState             0x08006aed   Thumb Code    12  tasks.o(i.vTaskInternalSetTimeOutState)
    vTaskMissedYield                         0x08006afd   Thumb Code     8  tasks.o(i.vTaskMissedYield)
    vTaskPlaceOnEventList                    0x08006b09   Thumb Code    44  tasks.o(i.vTaskPlaceOnEventList)
    vTaskPlaceOnEventListRestricted          0x08006b39   Thumb Code    52  tasks.o(i.vTaskPlaceOnEventListRestricted)
    vTaskPriorityDisinheritAfterTimeout      0x08006b71   Thumb Code   134  tasks.o(i.vTaskPriorityDisinheritAfterTimeout)
    vTaskStartScheduler                      0x08006c01   Thumb Code   118  tasks.o(i.vTaskStartScheduler)
    vTaskSuspendAll                          0x08006c89   Thumb Code    10  tasks.o(i.vTaskSuspendAll)
    vTaskSwitchContext                       0x08006c99   Thumb Code    90  tasks.o(i.vTaskSwitchContext)
    xPortStartScheduler                      0x08006d31   Thumb Code   222  port.o(i.xPortStartScheduler)
    xQueueCreateCountingSemaphore            0x08006e25   Thumb Code    58  queue.o(i.xQueueCreateCountingSemaphore)
    xQueueCreateCountingSemaphoreStatic      0x08006e5f   Thumb Code    64  queue.o(i.xQueueCreateCountingSemaphoreStatic)
    xQueueGenericCreate                      0x08006e9f   Thumb Code    72  queue.o(i.xQueueGenericCreate)
    xQueueGenericCreateStatic                0x08006ee7   Thumb Code   102  queue.o(i.xQueueGenericCreateStatic)
    xQueueGenericReset                       0x08006f4d   Thumb Code   132  queue.o(i.xQueueGenericReset)
    xQueueGenericSend                        0x08006fd5   Thumb Code   346  queue.o(i.xQueueGenericSend)
    xQueueGenericSendFromISR                 0x08007135   Thumb Code   188  queue.o(i.xQueueGenericSendFromISR)
    xQueueReceive                            0x080071f1   Thumb Code   308  queue.o(i.xQueueReceive)
    xQueueSemaphoreTake                      0x08007329   Thumb Code   372  queue.o(i.xQueueSemaphoreTake)
    xTaskCheckForTimeOut                     0x080074a1   Thumb Code   112  tasks.o(i.xTaskCheckForTimeOut)
    xTaskCreate                              0x08007515   Thumb Code    90  tasks.o(i.xTaskCreate)
    xTaskCreateStatic                        0x08007575   Thumb Code    86  tasks.o(i.xTaskCreateStatic)
    xTaskGetSchedulerState                   0x080075cd   Thumb Code    22  tasks.o(i.xTaskGetSchedulerState)
    xTaskGetTickCount                        0x080075e9   Thumb Code     6  tasks.o(i.xTaskGetTickCount)
    xTaskIncrementTick                       0x080075f5   Thumb Code   190  tasks.o(i.xTaskIncrementTick)
    xTaskPriorityDisinherit                  0x080076bd   Thumb Code   118  tasks.o(i.xTaskPriorityDisinherit)
    xTaskPriorityInherit                     0x0800773d   Thumb Code   112  tasks.o(i.xTaskPriorityInherit)
    xTaskRemoveFromEventList                 0x080077b5   Thumb Code    98  tasks.o(i.xTaskRemoveFromEventList)
    xTaskResumeAll                           0x08007825   Thumb Code   182  tasks.o(i.xTaskResumeAll)
    xTimerCreateTimerTask                    0x080078e9   Thumb Code    78  timers.o(i.xTimerCreateTimerTask)
    xTimerGenericCommand                     0x08007949   Thumb Code    98  timers.o(i.xTimerGenericCommand)
    Allocator_attributes                     0x080079c0   Data          36  main.o(.constdata)
    ScreenRefresh_attributes                 0x080079e4   Data          36  main.o(.constdata)
    Calculation_attributes                   0x08007a08   Data          36  main.o(.constdata)
    BlinkLED_attributes                      0x08007a2c   Data          36  main.o(.constdata)
    QueueUARTToAllocator_attributes          0x08007a50   Data          24  main.o(.constdata)
    ScreenSemaphore_attributes               0x08007a68   Data          16  main.o(.constdata)
    CalcSemaphore_attributes                 0x08007a78   Data          16  main.o(.constdata)
    AHBPrescTable                            0x08007a88   Data          16  system_stm32l4xx.o(.constdata)
    MSIRangeTable                            0x08007a98   Data          48  system_stm32l4xx.o(.constdata)
    APBPrescTable                            0x08007ac8   Data           8  system_stm32l4xx.o(.constdata)
    __ctype_table                            0x08007c10   Data         129  ctype_o.o(.constdata)
    Region$$Table$$Base                      0x08007d70   Number         0  anon$$obj.o(Region$$Table)
    Region$$Table$$Limit                     0x08007d90   Number         0  anon$$obj.o(Region$$Table)
    UpperRx                                  0x20000000   Data           1  main.o(.data)
    AllocatorHandle                          0x20000018   Data           4  main.o(.data)
    ScreenRefreshHandle                      0x2000001c   Data           4  main.o(.data)
    CalculationHandle                        0x20000020   Data           4  main.o(.data)
    BlinkLEDHandle                           0x20000024   Data           4  main.o(.data)
    QueueUARTToAllocatorHandle               0x20000028   Data           4  main.o(.data)
    ScreenSemaphoreHandle                    0x2000002c   Data           4  main.o(.data)
    CalcSemaphoreHandle                      0x20000030   Data           4  main.o(.data)
    uwTickPrio                               0x2000017c   Data           4  stm32l4xx_hal.o(.data)
    uwTickFreq                               0x20000180   Data           4  stm32l4xx_hal.o(.data)
    uwTick                                   0x20000184   Data           4  stm32l4xx_hal.o(.data)
    SystemCoreClock                          0x20000188   Data           4  system_stm32l4xx.o(.data)
    pxCurrentTCB                             0x2000018c   Data           4  tasks.o(.data)
    __stdout                                 0x20000204   Data           4  stdout.o(.data)
    __microlib_freelist                      0x20000208   Data           4  mvars.o(.data)
    __microlib_freelist_initialised          0x2000020c   Data           4  mvars.o(.data)
    hiwdg                                    0x20000214   Data          16  main.o(.bss)
    hspi1                                    0x20000224   Data         100  main.o(.bss)
    htim7                                    0x20000288   Data          64  main.o(.bss)
    huart1                                   0x200002c8   Data         128  main.o(.bss)
    huart3                                   0x20000348   Data         128  main.o(.bss)
    BlackImage                               0x200003c8   Data        2888  main.o(.bss)
    YellowImage                              0x20000f10   Data        2888  main.o(.bss)
    DataBuffer                               0x20001a58   Data         100  main.o(.bss)
    hdma_usart1_rx                           0x20001abc   Data          72  main.o(.bss)
    hdma_usart1_tx                           0x20001b04   Data          72  main.o(.bss)
    htim16                                   0x20001b4c   Data          64  stm32l4xx_hal_timebase_tim.o(.bss)
    xQueueRegistry                           0x20001b8c   Data          64  queue.o(.bss)
    __heap_base                              0x20006860   Data           0  startup_stm32l431xx.o(HEAP)
    __heap_limit                             0x20009860   Data           0  startup_stm32l431xx.o(HEAP)
    __initial_sp                             0x2000c860   Data           0  startup_stm32l431xx.o(STACK)



==============================================================================

Memory Map of the image

  Image Entry point : 0x0800018d

  Load Region LR_IROM1 (Base: 0x08000000, Size: 0x00007fa4, Max: 0x00040000, ABSOLUTE, COMPRESSED[0x00007e48])

    Execution Region ER_IROM1 (Exec base: 0x08000000, Load base: 0x08000000, Size: 0x00007d90, Max: 0x00040000, ABSOLUTE)

    Exec Addr    Load Addr    Size         Type   Attr      Idx    E Section Name        Object

    0x08000000   0x08000000   0x0000018c   Data   RO            3    RESET               startup_stm32l431xx.o
    0x0800018c   0x0800018c   0x00000000   Code   RO         6359  * .ARM.Collect$$$$00000000  mc_w.l(entry.o)
    0x0800018c   0x0800018c   0x00000004   Code   RO         6715    .ARM.Collect$$$$00000001  mc_w.l(entry2.o)
    0x08000190   0x08000190   0x00000004   Code   RO         6718    .ARM.Collect$$$$00000004  mc_w.l(entry5.o)
    0x08000194   0x08000194   0x00000000   Code   RO         6720    .ARM.Collect$$$$00000008  mc_w.l(entry7b.o)
    0x08000194   0x08000194   0x00000000   Code   RO         6722    .ARM.Collect$$$$0000000A  mc_w.l(entry8b.o)
    0x08000194   0x08000194   0x00000008   Code   RO         6723    .ARM.Collect$$$$0000000B  mc_w.l(entry9a.o)
    0x0800019c   0x0800019c   0x00000000   Code   RO         6725    .ARM.Collect$$$$0000000D  mc_w.l(entry10a.o)
    0x0800019c   0x0800019c   0x00000000   Code   RO         6727    .ARM.Collect$$$$0000000F  mc_w.l(entry11a.o)
    0x0800019c   0x0800019c   0x00000004   Code   RO         6716    .ARM.Collect$$$$00002712  mc_w.l(entry2.o)
    0x080001a0   0x080001a0   0x000000de   Code   RO         5917    .emb_text           port.o
    0x0800027e   0x0800027e   0x00000002   PAD
    0x08000280   0x08000280   0x00000024   Code   RO            4    .text               startup_stm32l431xx.o
    0x080002a4   0x080002a4   0x00000068   Code   RO         6362    .text               mc_w.l(uldiv.o)
    0x0800030c   0x0800030c   0x00000008   Code   RO         6364    .text               mc_w.l(ctype_o.o)
    0x08000314   0x08000314   0x00000024   Code   RO         6392    .text               mc_w.l(memcpya.o)
    0x08000338   0x08000338   0x00000024   Code   RO         6396    .text               mc_w.l(memseta.o)
    0x0800035c   0x0800035c   0x00000018   Code   RO         6398    .text               mc_w.l(strncpy.o)
    0x08000374   0x08000374   0x0000000e   Code   RO         6400    .text               mc_w.l(strlen.o)
    0x08000382   0x08000382   0x0000001e   Code   RO         6402    .text               mc_w.l(strncmp.o)
    0x080003a0   0x080003a0   0x0000001c   Code   RO         6695    .text               mc_w.l(calloc.o)
    0x080003bc   0x080003bc   0x00000026   Code   RO         6697    .text               mf_w.l(f2d.o)
    0x080003e2   0x080003e2   0x0000002c   Code   RO         6730    .text               mc_w.l(uidiv.o)
    0x0800040e   0x0800040e   0x0000001e   Code   RO         6732    .text               mc_w.l(llshl.o)
    0x0800042c   0x0800042c   0x00000020   Code   RO         6734    .text               mc_w.l(llushr.o)
    0x0800044c   0x0800044c   0x00000000   Code   RO         6745    .text               mc_w.l(iusefp.o)
    0x0800044c   0x0800044c   0x00000052   Code   RO         6746    .text               mf_w.l(frem.o)
    0x0800049e   0x0800049e   0x0000015e   Code   RO         6748    .text               mf_w.l(dadd.o)
    0x080005fc   0x080005fc   0x000000ea   Code   RO         6750    .text               mf_w.l(dmul.o)
    0x080006e6   0x080006e6   0x000000de   Code   RO         6752    .text               mf_w.l(ddiv.o)
    0x080007c4   0x080007c4   0x00000030   Code   RO         6754    .text               mf_w.l(dfixul.o)
    0x080007f4   0x080007f4   0x00000030   Code   RO         6756    .text               mf_w.l(cdrcmple.o)
    0x08000824   0x08000824   0x00000004   Code   RO         6758    .text               mf_w.l(fpstat.o)
    0x08000828   0x08000828   0x00000024   Code   RO         6760    .text               mc_w.l(init.o)
    0x0800084c   0x0800084c   0x00000024   Code   RO         6762    .text               mc_w.l(llsshr.o)
    0x08000870   0x08000870   0x0000006e   Code   RO         6764    .text               mf_w.l(fepilogue.o)
    0x080008de   0x080008de   0x000000ba   Code   RO         6766    .text               mf_w.l(depilogue.o)
    0x08000998   0x08000998   0x00000056   Code   RO         6776    .text               mc_w.l(__dczerorl2.o)
    0x080009ee   0x080009ee   0x00000002   Code   RO          428    i.BusFault_Handler  stm32l4xx_it.o
    0x080009f0   0x080009f0   0x00000028   Code   RO         5997    i.DEV_Module_Exit   dev_config.o
    0x08000a18   0x08000a18   0x00000028   Code   RO         5998    i.DEV_Module_Init   dev_config.o
    0x08000a40   0x08000a40   0x00000018   Code   RO         5999    i.DEV_SPI_WriteByte  dev_config.o
    0x08000a58   0x08000a58   0x0000000c   Code   RO          429    i.DMA1_Channel4_IRQHandler  stm32l4xx_it.o
    0x08000a64   0x08000a64   0x0000000c   Code   RO          430    i.DMA1_Channel5_IRQHandler  stm32l4xx_it.o
    0x08000a70   0x08000a70   0x0000002e   Code   RO         1913    i.DMA_SetConfig     stm32l4xx_hal_dma.o
    0x08000a9e   0x08000a9e   0x00000002   Code   RO          431    i.DebugMon_Handler  stm32l4xx_it.o
    0x08000aa0   0x08000aa0   0x0000006c   Code   RO         6182    i.EPD_1IN54C_Display  epd_1in54c.o
    0x08000b0c   0x08000b0c   0x00000092   Code   RO         6183    i.EPD_1IN54C_Init   epd_1in54c.o
    0x08000b9e   0x08000b9e   0x0000002e   Code   RO         6184    i.EPD_1IN54C_ReadBusy  epd_1in54c.o
    0x08000bcc   0x08000bcc   0x00000030   Code   RO         6185    i.EPD_1IN54C_SendCommand  epd_1in54c.o
    0x08000bfc   0x08000bfc   0x00000030   Code   RO         6186    i.EPD_1IN54C_SendData  epd_1in54c.o
    0x08000c2c   0x08000c2c   0x00000002   Code   RO           13    i.Error_Handler     main.o
    0x08000c2e   0x08000c2e   0x0000004e   Code   RO         1915    i.HAL_DMA_Abort_IT  stm32l4xx_hal_dma.o
    0x08000c7c   0x08000c7c   0x000000ba   Code   RO         1919    i.HAL_DMA_IRQHandler  stm32l4xx_hal_dma.o
    0x08000d36   0x08000d36   0x00000002   PAD
    0x08000d38   0x08000d38   0x000000c0   Code   RO         1920    i.HAL_DMA_Init      stm32l4xx_hal_dma.o
    0x08000df8   0x08000df8   0x00000070   Code   RO         1924    i.HAL_DMA_Start_IT  stm32l4xx_hal_dma.o
    0x08000e68   0x08000e68   0x000001be   Code   RO         1850    i.HAL_GPIO_Init     stm32l4xx_hal_gpio.o
    0x08001026   0x08001026   0x0000000a   Code   RO         1852    i.HAL_GPIO_ReadPin  stm32l4xx_hal_gpio.o
    0x08001030   0x08001030   0x0000000a   Code   RO         1854    i.HAL_GPIO_WritePin  stm32l4xx_hal_gpio.o
    0x0800103a   0x0800103a   0x00000002   PAD
    0x0800103c   0x0800103c   0x0000000c   Code   RO          621    i.HAL_GetTick       stm32l4xx_hal.o
    0x08001048   0x08001048   0x0000005e   Code   RO         2539    i.HAL_IWDG_Init     stm32l4xx_hal_iwdg.o
    0x080010a6   0x080010a6   0x0000000c   Code   RO         2540    i.HAL_IWDG_Refresh  stm32l4xx_hal_iwdg.o
    0x080010b2   0x080010b2   0x00000002   PAD
    0x080010b4   0x080010b4   0x00000010   Code   RO          627    i.HAL_IncTick       stm32l4xx_hal.o
    0x080010c4   0x080010c4   0x0000001e   Code   RO          628    i.HAL_Init          stm32l4xx_hal.o
    0x080010e2   0x080010e2   0x00000002   PAD
    0x080010e4   0x080010e4   0x00000074   Code   RO          571    i.HAL_InitTick      stm32l4xx_hal_timebase_tim.o
    0x08001158   0x08001158   0x00000034   Code   RO          510    i.HAL_MspInit       stm32l4xx_hal_msp.o
    0x0800118c   0x0800118c   0x0000001a   Code   RO         2337    i.HAL_NVIC_EnableIRQ  stm32l4xx_hal_cortex.o
    0x080011a6   0x080011a6   0x00000002   PAD
    0x080011a8   0x080011a8   0x00000040   Code   RO         2343    i.HAL_NVIC_SetPriority  stm32l4xx_hal_cortex.o
    0x080011e8   0x080011e8   0x00000024   Code   RO         2344    i.HAL_NVIC_SetPriorityGrouping  stm32l4xx_hal_cortex.o
    0x0800120c   0x0800120c   0x00000068   Code   RO         2141    i.HAL_PWREx_ControlVoltageScaling  stm32l4xx_hal_pwr_ex.o
    0x08001274   0x08001274   0x00000010   Code   RO         2164    i.HAL_PWREx_GetVoltageRange  stm32l4xx_hal_pwr_ex.o
    0x08001284   0x08001284   0x000002ba   Code   RO         1483    i.HAL_RCCEx_PeriphCLKConfig  stm32l4xx_hal_rcc_ex.o
    0x0800153e   0x0800153e   0x00000002   PAD
    0x08001540   0x08001540   0x00000120   Code   RO         1361    i.HAL_RCC_ClockConfig  stm32l4xx_hal_rcc.o
    0x08001660   0x08001660   0x00000040   Code   RO         1364    i.HAL_RCC_GetClockConfig  stm32l4xx_hal_rcc.o
    0x080016a0   0x080016a0   0x00000024   Code   RO         1367    i.HAL_RCC_GetPCLK1Freq  stm32l4xx_hal_rcc.o
    0x080016c4   0x080016c4   0x00000024   Code   RO         1368    i.HAL_RCC_GetPCLK2Freq  stm32l4xx_hal_rcc.o
    0x080016e8   0x080016e8   0x000000a4   Code   RO         1369    i.HAL_RCC_GetSysClockFreq  stm32l4xx_hal_rcc.o
    0x0800178c   0x0800178c   0x0000056c   Code   RO         1372    i.HAL_RCC_OscConfig  stm32l4xx_hal_rcc.o
    0x08001cf8   0x08001cf8   0x000000ac   Code   RO         2580    i.HAL_SPI_Init      stm32l4xx_hal_spi.o
    0x08001da4   0x08001da4   0x00000064   Code   RO          512    i.HAL_SPI_MspInit   stm32l4xx_hal_msp.o
    0x08001e08   0x08001e08   0x00000184   Code   RO         2588    i.HAL_SPI_Transmit  stm32l4xx_hal_spi.o
    0x08001f8c   0x08001f8c   0x00000002   Code   RO         3607    i.HAL_TIMEx_Break2Callback  stm32l4xx_hal_tim_ex.o
    0x08001f8e   0x08001f8e   0x00000002   Code   RO         3608    i.HAL_TIMEx_BreakCallback  stm32l4xx_hal_tim_ex.o
    0x08001f90   0x08001f90   0x00000002   Code   RO         3609    i.HAL_TIMEx_CommutCallback  stm32l4xx_hal_tim_ex.o
    0x08001f92   0x08001f92   0x00000002   PAD
    0x08001f94   0x08001f94   0x0000006c   Code   RO         3628    i.HAL_TIMEx_MasterConfigSynchronization  stm32l4xx_hal_tim_ex.o
    0x08002000   0x08002000   0x00000036   Code   RO         2922    i.HAL_TIM_Base_Init  stm32l4xx_hal_tim.o
    0x08002036   0x08002036   0x00000002   PAD
    0x08002038   0x08002038   0x00000028   Code   RO          514    i.HAL_TIM_Base_MspInit  stm32l4xx_hal_msp.o
    0x08002060   0x08002060   0x0000002c   Code   RO         2927    i.HAL_TIM_Base_Start_IT  stm32l4xx_hal_tim.o
    0x0800208c   0x0800208c   0x00000002   Code   RO         2951    i.HAL_TIM_IC_CaptureCallback  stm32l4xx_hal_tim.o
    0x0800208e   0x0800208e   0x00000184   Code   RO         2965    i.HAL_TIM_IRQHandler  stm32l4xx_hal_tim.o
    0x08002212   0x08002212   0x00000002   Code   RO         2968    i.HAL_TIM_OC_DelayElapsedCallback  stm32l4xx_hal_tim.o
    0x08002214   0x08002214   0x00000002   Code   RO         2995    i.HAL_TIM_PWM_PulseFinishedCallback  stm32l4xx_hal_tim.o
    0x08002216   0x08002216   0x00000002   PAD
    0x08002218   0x08002218   0x00000014   Code   RO           14    i.HAL_TIM_PeriodElapsedCallback  main.o
    0x0800222c   0x0800222c   0x00000002   Code   RO         3008    i.HAL_TIM_TriggerCallback  stm32l4xx_hal_tim.o
    0x0800222e   0x0800222e   0x00000002   Code   RO         4257    i.HAL_UARTEx_WakeupCallback  stm32l4xx_hal_uart_ex.o
    0x08002230   0x08002230   0x00000002   Code   RO         3900    i.HAL_UART_ErrorCallback  stm32l4xx_hal_uart.o
    0x08002232   0x08002232   0x00000002   PAD
    0x08002234   0x08002234   0x00000160   Code   RO         3903    i.HAL_UART_IRQHandler  stm32l4xx_hal_uart.o
    0x08002394   0x08002394   0x00000066   Code   RO         3904    i.HAL_UART_Init     stm32l4xx_hal_uart.o
    0x080023fa   0x080023fa   0x00000002   PAD
    0x080023fc   0x080023fc   0x00000120   Code   RO          516    i.HAL_UART_MspInit  stm32l4xx_hal_msp.o
    0x0800251c   0x0800251c   0x0000009c   Code   RO         3908    i.HAL_UART_Receive_DMA  stm32l4xx_hal_uart.o
    0x080025b8   0x080025b8   0x00000054   Code   RO           15    i.HAL_UART_RxCpltCallback  main.o
    0x0800260c   0x0800260c   0x00000002   Code   RO         3912    i.HAL_UART_RxHalfCpltCallback  stm32l4xx_hal_uart.o
    0x0800260e   0x0800260e   0x00000002   PAD
    0x08002610   0x08002610   0x000000b6   Code   RO         3913    i.HAL_UART_Transmit  stm32l4xx_hal_uart.o
    0x080026c6   0x080026c6   0x00000002   Code   RO         3916    i.HAL_UART_TxCpltCallback  stm32l4xx_hal_uart.o
    0x080026c8   0x080026c8   0x00000002   Code   RO          432    i.HardFault_Handler  stm32l4xx_it.o
    0x080026ca   0x080026ca   0x00000002   PAD
    0x080026cc   0x080026cc   0x0000009c   Code   RO           16    i.MX_GPIO_Init      main.o
    0x08002768   0x08002768   0x00000040   Code   RO           17    i.MX_SPI1_Init      main.o
    0x080027a8   0x080027a8   0x0000002c   Code   RO           18    i.MX_USART1_UART_Init  main.o
    0x080027d4   0x080027d4   0x0000002c   Code   RO           19    i.MX_USART3_UART_Init  main.o
    0x08002800   0x08002800   0x00000002   Code   RO          433    i.MemManage_Handler  stm32l4xx_it.o
    0x08002802   0x08002802   0x00000002   Code   RO          434    i.NMI_Handler       stm32l4xx_it.o
    0x08002804   0x08002804   0x0000012c   Code   RO         1487    i.RCCEx_PLLSAI1_Config  stm32l4xx_hal_rcc_ex.o
    0x08002930   0x08002930   0x0000007c   Code   RO         1373    i.RCC_SetFlashLatencyFromMSIRange  stm32l4xx_hal_rcc.o
    0x080029ac   0x080029ac   0x00000048   Code   RO         2618    i.SPI_EndRxTxTransaction  stm32l4xx_hal_spi.o
    0x080029f4   0x080029f4   0x00000096   Code   RO         2623    i.SPI_WaitFifoStateUntilTimeout  stm32l4xx_hal_spi.o
    0x08002a8a   0x08002a8a   0x00000094   Code   RO         2624    i.SPI_WaitFlagStateUntilTimeout  stm32l4xx_hal_spi.o
    0x08002b1e   0x08002b1e   0x00000002   PAD
    0x08002b20   0x08002b20   0x0000002c   Code   RO         5918    i.SysTick_Handler   port.o
    0x08002b4c   0x08002b4c   0x00000064   Code   RO           20    i.SystemClock_Config  main.o
    0x08002bb0   0x08002bb0   0x00000044   Code   RO         4317    i.SystemInit        system_stm32l4xx.o
    0x08002bf4   0x08002bf4   0x0000000c   Code   RO          435    i.TIM1_UP_TIM16_IRQHandler  stm32l4xx_it.o
    0x08002c00   0x08002c00   0x0000006c   Code   RO         3010    i.TIM_Base_SetConfig  stm32l4xx_hal_tim.o
    0x08002c6c   0x08002c6c   0x000001e0   Code   RO           21    i.TaskAllocator     main.o
    0x08002e4c   0x08002e4c   0x0000003c   Code   RO           22    i.TaskBlinkLED      main.o
    0x08002e88   0x08002e88   0x000000b4   Code   RO           23    i.TaskCalculation   main.o
    0x08002f3c   0x08002f3c   0x00000074   Code   RO           24    i.TaskScreenRefresh  main.o
    0x08002fb0   0x08002fb0   0x000000c8   Code   RO         3918    i.UART_AdvFeatureConfig  stm32l4xx_hal_uart.o
    0x08003078   0x08003078   0x00000058   Code   RO         3919    i.UART_CheckIdleState  stm32l4xx_hal_uart.o
    0x080030d0   0x080030d0   0x00000014   Code   RO         3920    i.UART_DMAAbortOnError  stm32l4xx_hal_uart.o
    0x080030e4   0x080030e4   0x00000048   Code   RO         3921    i.UART_DMAError     stm32l4xx_hal_uart.o
    0x0800312c   0x0800312c   0x0000003c   Code   RO         3922    i.UART_DMAReceiveCplt  stm32l4xx_hal_uart.o
    0x08003168   0x08003168   0x0000000a   Code   RO         3924    i.UART_DMARxHalfCplt  stm32l4xx_hal_uart.o
    0x08003172   0x08003172   0x0000001e   Code   RO         3930    i.UART_EndRxTransfer  stm32l4xx_hal_uart.o
    0x08003190   0x08003190   0x00000010   Code   RO         3931    i.UART_EndTxTransfer  stm32l4xx_hal_uart.o
    0x080031a0   0x080031a0   0x00000248   Code   RO         3934    i.UART_SetConfig    stm32l4xx_hal_uart.o
    0x080033e8   0x080033e8   0x000000a4   Code   RO         3937    i.UART_WaitOnFlagUntilTimeout  stm32l4xx_hal_uart.o
    0x0800348c   0x0800348c   0x0000000c   Code   RO          436    i.USART1_IRQHandler  stm32l4xx_it.o
    0x08003498   0x08003498   0x00000002   Code   RO          437    i.UsageFault_Handler  stm32l4xx_it.o
    0x0800349a   0x0800349a   0x00000002   PAD
    0x0800349c   0x0800349c   0x00000020   Code   RO         6639    i.__0printf         mc_w.l(printfa.o)
    0x080034bc   0x080034bc   0x00000030   Code   RO         6640    i.__0snprintf       mc_w.l(printfa.o)
    0x080034ec   0x080034ec   0x00000026   Code   RO         6699    i.__ARM_fpclassifyf  m_wm.l(fpclassifyf.o)
    0x08003512   0x08003512   0x0000000c   Code   RO           25    i.__ARM_isnanf      main.o
    0x0800351e   0x0800351e   0x00000020   Code   RO         2350    i.__NVIC_SetPriority  stm32l4xx_hal_cortex.o
    0x0800353e   0x0800353e   0x00000002   PAD
    0x08003540   0x08003540   0x0000005c   Code   RO         6671    i.__free$realloc    mc_w.l(mallocr.o)
    0x0800359c   0x0800359c   0x000000b0   Code   RO         6333    i.__hardfp_fmodf    m_wm.l(fmodf.o)
    0x0800364c   0x0800364c   0x00000664   Code   RO         6345    i.__hardfp_powf     m_wm.l(powf.o)
    0x08003cb0   0x08003cb0   0x00000050   Code   RO         6672    i.__malloc$realloc  mc_w.l(mallocr.o)
    0x08003d00   0x08003d00   0x00000014   Code   RO         6701    i.__mathlib_flt_divzero  m_wm.l(funder.o)
    0x08003d14   0x08003d14   0x00000006   Code   RO         6703    i.__mathlib_flt_infnan2  m_wm.l(funder.o)
    0x08003d1a   0x08003d1a   0x00000002   PAD
    0x08003d1c   0x08003d1c   0x00000010   Code   RO         6704    i.__mathlib_flt_invalid  m_wm.l(funder.o)
    0x08003d2c   0x08003d2c   0x00000010   Code   RO         6705    i.__mathlib_flt_overflow  m_wm.l(funder.o)
    0x08003d3c   0x08003d3c   0x00000010   Code   RO         6707    i.__mathlib_flt_underflow  m_wm.l(funder.o)
    0x08003d4c   0x08003d4c   0x0000000e   Code   RO         6770    i.__scatterload_copy  mc_w.l(handlers.o)
    0x08003d5a   0x08003d5a   0x00000002   Code   RO         6771    i.__scatterload_null  mc_w.l(handlers.o)
    0x08003d5c   0x08003d5c   0x0000000e   Code   RO         6772    i.__scatterload_zeroinit  mc_w.l(handlers.o)
    0x08003d6a   0x08003d6a   0x00000002   PAD
    0x08003d6c   0x08003d6c   0x0000000c   Code   RO         6740    i.__set_errno       mc_w.l(errno.o)
    0x08003d78   0x08003d78   0x0000018a   Code   RO         6646    i._fp_digits        mc_w.l(printfa.o)
    0x08003f02   0x08003f02   0x00000002   PAD
    0x08003f04   0x08003f04   0x000006e2   Code   RO         6647    i._printf_core      mc_w.l(printfa.o)
    0x080045e6   0x080045e6   0x00000024   Code   RO         6648    i._printf_post_padding  mc_w.l(printfa.o)
    0x0800460a   0x0800460a   0x0000002e   Code   RO         6649    i._printf_pre_padding  mc_w.l(printfa.o)
    0x08004638   0x08004638   0x00000016   Code   RO         6650    i._snputc           mc_w.l(printfa.o)
    0x0800464e   0x0800464e   0x0000007e   Code   RO           26    i.expr_binary       main.o
    0x080046cc   0x080046cc   0x00000146   Code   RO           27    i.expr_bind         main.o
    0x08004812   0x08004812   0x00000032   Code   RO           28    i.expr_const        main.o
    0x08004844   0x08004844   0x00000112   Code   RO           29    i.expr_copy         main.o
    0x08004956   0x08004956   0x00000002   PAD
    0x08004958   0x08004958   0x00000960   Code   RO           30    i.expr_create       main.o
    0x080052b8   0x080052b8   0x00000028   Code   RO           31    i.expr_destroy      main.o
    0x080052e0   0x080052e0   0x0000009c   Code   RO           32    i.expr_destroy_args  main.o
    0x0800537c   0x0800537c   0x0000032c   Code   RO           33    i.expr_eval         main.o
    0x080056a8   0x080056a8   0x0000002e   Code   RO           34    i.expr_func         main.o
    0x080056d6   0x080056d6   0x00000014   Code   RO           35    i.expr_is_unary     main.o
    0x080056ea   0x080056ea   0x000001c6   Code   RO           36    i.expr_next_token   main.o
    0x080058b0   0x080058b0   0x00000054   Code   RO           37    i.expr_op           main.o
    0x08005904   0x08005904   0x00000088   Code   RO           38    i.expr_parse_number  main.o
    0x0800598c   0x0800598c   0x00000080   Code   RO           39    i.expr_var          main.o
    0x08005a0c   0x08005a0c   0x00000026   Code   RO           40    i.expr_varref       main.o
    0x08005a32   0x08005a32   0x00000002   PAD
    0x08005a34   0x08005a34   0x00000018   Code   RO           41    i.fputc             main.o
    0x08005a4c   0x08005a4c   0x00000050   Code   RO         6673    i.internal_alloc    mc_w.l(mallocr.o)
    0x08005a9c   0x08005a9c   0x0000017c   Code   RO           42    i.main              main.o
    0x08005c18   0x08005c18   0x00000034   Code   RO         5441    i.osDelay           cmsis_os2.o
    0x08005c4c   0x08005c4c   0x00000034   Code   RO         5455    i.osKernelInitialize  cmsis_os2.o
    0x08005c80   0x08005c80   0x0000003c   Code   RO         5458    i.osKernelStart     cmsis_os2.o
    0x08005cbc   0x08005cbc   0x00000074   Code   RO         5466    i.osMessageQueueNew  cmsis_os2.o
    0x08005d30   0x08005d30   0x000000b0   Code   RO         5477    i.osSemaphoreNew    cmsis_os2.o
    0x08005de0   0x08005de0   0x000000a4   Code   RO         5491    i.osThreadNew       cmsis_os2.o
    0x08005e84   0x08005e84   0x0000005c   Code   RO         4925    i.prvAddCurrentTaskToDelayedList  tasks.o
    0x08005ee0   0x08005ee0   0x000000d0   Code   RO         4926    i.prvAddNewTaskToReadyList  tasks.o
    0x08005fb0   0x08005fb0   0x00000058   Code   RO         5278    i.prvCheckForValidListAndQueue  timers.o
    0x08006008   0x08006008   0x00000026   Code   RO         4522    i.prvCopyDataFromQueue  queue.o
    0x0800602e   0x0800602e   0x0000006c   Code   RO         4523    i.prvCopyDataToQueue  queue.o
    0x0800609a   0x0800609a   0x00000034   Code   RO         4927    i.prvDeleteTCB      tasks.o
    0x080060ce   0x080060ce   0x00000002   PAD
    0x080060d0   0x080060d0   0x0000004c   Code   RO         5868    i.prvHeapInit       heap_4.o
    0x0800611c   0x0800611c   0x00000060   Code   RO         4928    i.prvIdleTask       tasks.o
    0x0800617c   0x0800617c   0x00000022   Code   RO         4525    i.prvInitialiseNewQueue  queue.o
    0x0800619e   0x0800619e   0x00000002   PAD
    0x080061a0   0x080061a0   0x000000b6   Code   RO         4929    i.prvInitialiseNewTask  tasks.o
    0x08006256   0x08006256   0x00000002   PAD
    0x08006258   0x08006258   0x0000004c   Code   RO         5869    i.prvInsertBlockIntoFreeList  heap_4.o
    0x080062a4   0x080062a4   0x00000038   Code   RO         5280    i.prvInsertTimerInActiveList  timers.o
    0x080062dc   0x080062dc   0x0000001c   Code   RO         4526    i.prvIsQueueEmpty   queue.o
    0x080062f8   0x080062f8   0x000000fc   Code   RO         5281    i.prvProcessReceivedCommands  timers.o
    0x080063f4   0x080063f4   0x000000c0   Code   RO         5282    i.prvProcessTimerOrBlockTask  timers.o
    0x080064b4   0x080064b4   0x00000020   Code   RO         4931    i.prvResetNextTaskUnblockTime  tasks.o
    0x080064d4   0x080064d4   0x00000028   Code   RO         5283    i.prvSampleTimeNow  timers.o
    0x080064fc   0x080064fc   0x0000006c   Code   RO         5284    i.prvSwitchTimerLists  timers.o
    0x08006568   0x08006568   0x00000028   Code   RO         5919    i.prvTaskExitError  port.o
    0x08006590   0x08006590   0x00000024   Code   RO         5285    i.prvTimerTask      timers.o
    0x080065b4   0x080065b4   0x0000006a   Code   RO         4527    i.prvUnlockQueue    queue.o
    0x0800661e   0x0800661e   0x00000002   PAD
    0x08006620   0x08006620   0x000000d8   Code   RO         5870    i.pvPortMalloc      heap_4.o
    0x080066f8   0x080066f8   0x00000018   Code   RO         4934    i.pvTaskIncrementMutexHeldCount  tasks.o
    0x08006710   0x08006710   0x0000002c   Code   RO         5920    i.pxPortInitialiseStack  port.o
    0x0800673c   0x0800673c   0x0000006c   Code   RO         6674    i.realloc           mc_w.l(mallocr.o)
    0x080067a8   0x080067a8   0x00000042   Code   RO           43    i.to_int            main.o
    0x080067ea   0x080067ea   0x00000026   Code   RO         4482    i.uxListRemove      list.o
    0x08006810   0x08006810   0x00000014   Code   RO         5503    i.vApplicationGetIdleTaskMemory  cmsis_os2.o
    0x08006824   0x08006824   0x00000018   Code   RO         5504    i.vApplicationGetTimerTaskMemory  cmsis_os2.o
    0x0800683c   0x0800683c   0x00000016   Code   RO         4483    i.vListInitialise   list.o
    0x08006852   0x08006852   0x00000006   Code   RO         4484    i.vListInitialiseItem  list.o
    0x08006858   0x08006858   0x00000030   Code   RO         4485    i.vListInsert       list.o
    0x08006888   0x08006888   0x00000018   Code   RO         4486    i.vListInsertEnd    list.o
    0x080068a0   0x080068a0   0x00000040   Code   RO         5922    i.vPortEnterCritical  port.o
    0x080068e0   0x080068e0   0x00000028   Code   RO         5923    i.vPortExitCritical  port.o
    0x08006908   0x08006908   0x0000005c   Code   RO         5871    i.vPortFree         heap_4.o
    0x08006964   0x08006964   0x00000024   Code   RO         5924    i.vPortSetupTimerInterrupt  port.o
    0x08006988   0x08006988   0x00000054   Code   RO         5925    i.vPortValidateInterruptPriority  port.o
    0x080069dc   0x080069dc   0x00000028   Code   RO         4533    i.vQueueAddToRegistry  queue.o
    0x08006a04   0x08006a04   0x0000002e   Code   RO         4534    i.vQueueDelete      queue.o
    0x08006a32   0x08006a32   0x00000002   PAD
    0x08006a34   0x08006a34   0x00000028   Code   RO         4536    i.vQueueUnregisterQueue  queue.o
    0x08006a5c   0x08006a5c   0x00000044   Code   RO         4537    i.vQueueWaitForMessageRestricted  queue.o
    0x08006aa0   0x08006aa0   0x0000004c   Code   RO         4943    i.vTaskDelay        tasks.o
    0x08006aec   0x08006aec   0x00000010   Code   RO         4948    i.vTaskInternalSetTimeOutState  tasks.o
    0x08006afc   0x08006afc   0x0000000c   Code   RO         4949    i.vTaskMissedYield  tasks.o
    0x08006b08   0x08006b08   0x00000030   Code   RO         4951    i.vTaskPlaceOnEventList  tasks.o
    0x08006b38   0x08006b38   0x00000038   Code   RO         4952    i.vTaskPlaceOnEventListRestricted  tasks.o
    0x08006b70   0x08006b70   0x00000090   Code   RO         4954    i.vTaskPriorityDisinheritAfterTimeout  tasks.o
    0x08006c00   0x08006c00   0x00000088   Code   RO         4960    i.vTaskStartScheduler  tasks.o
    0x08006c88   0x08006c88   0x00000010   Code   RO         4962    i.vTaskSuspendAll   tasks.o
    0x08006c98   0x08006c98   0x00000064   Code   RO         4963    i.vTaskSwitchContext  tasks.o
    0x08006cfc   0x08006cfc   0x00000032   Code   RO           44    i.vec_expand        main.o
    0x08006d2e   0x08006d2e   0x00000002   PAD
    0x08006d30   0x08006d30   0x000000f4   Code   RO         5926    i.xPortStartScheduler  port.o
    0x08006e24   0x08006e24   0x0000003a   Code   RO         4538    i.xQueueCreateCountingSemaphore  queue.o
    0x08006e5e   0x08006e5e   0x00000040   Code   RO         4539    i.xQueueCreateCountingSemaphoreStatic  queue.o
    0x08006e9e   0x08006e9e   0x00000048   Code   RO         4542    i.xQueueGenericCreate  queue.o
    0x08006ee6   0x08006ee6   0x00000066   Code   RO         4543    i.xQueueGenericCreateStatic  queue.o
    0x08006f4c   0x08006f4c   0x00000088   Code   RO         4544    i.xQueueGenericReset  queue.o
    0x08006fd4   0x08006fd4   0x00000160   Code   RO         4545    i.xQueueGenericSend  queue.o
    0x08007134   0x08007134   0x000000bc   Code   RO         4546    i.xQueueGenericSendFromISR  queue.o
    0x080071f0   0x080071f0   0x00000138   Code   RO         4555    i.xQueueReceive     queue.o
    0x08007328   0x08007328   0x00000178   Code   RO         4557    i.xQueueSemaphoreTake  queue.o
    0x080074a0   0x080074a0   0x00000074   Code   RO         4964    i.xTaskCheckForTimeOut  tasks.o
    0x08007514   0x08007514   0x00000060   Code   RO         4965    i.xTaskCreate       tasks.o
    0x08007574   0x08007574   0x00000056   Code   RO         4966    i.xTaskCreateStatic  tasks.o
    0x080075ca   0x080075ca   0x00000002   PAD
    0x080075cc   0x080075cc   0x0000001c   Code   RO         4970    i.xTaskGetSchedulerState  tasks.o
    0x080075e8   0x080075e8   0x0000000c   Code   RO         4971    i.xTaskGetTickCount  tasks.o
    0x080075f4   0x080075f4   0x000000c8   Code   RO         4973    i.xTaskIncrementTick  tasks.o
    0x080076bc   0x080076bc   0x00000080   Code   RO         4976    i.xTaskPriorityDisinherit  tasks.o
    0x0800773c   0x0800773c   0x00000078   Code   RO         4977    i.xTaskPriorityInherit  tasks.o
    0x080077b4   0x080077b4   0x00000070   Code   RO         4978    i.xTaskRemoveFromEventList  tasks.o
    0x08007824   0x08007824   0x000000c4   Code   RO         4979    i.xTaskResumeAll    tasks.o
    0x080078e8   0x080078e8   0x00000060   Code   RO         5293    i.xTimerCreateTimerTask  timers.o
    0x08007948   0x08007948   0x00000068   Code   RO         5294    i.xTimerGenericCommand  timers.o
    0x080079b0   0x080079b0   0x000000d8   Data   RO           48    .constdata          main.o
    0x08007a88   0x08007a88   0x00000040   Data   RO         4318    .constdata          system_stm32l4xx.o
    0x08007ac8   0x08007ac8   0x00000008   Data   RO         4319    .constdata          system_stm32l4xx.o
    0x08007ad0   0x08007ad0   0x00000140   Data   RO         6348    .constdata          m_wm.l(powf.o)
    0x08007c10   0x08007c10   0x00000081   Data   RO         6365    .constdata          mc_w.l(ctype_o.o)
    0x08007c91   0x08007c91   0x00000003   PAD
    0x08007c94   0x08007c94   0x00000004   Data   RO         6366    .constdata          mc_w.l(ctype_o.o)
    0x08007c98   0x08007c98   0x000000d6   Data   RO           49    .conststring        main.o
    0x08007d6e   0x08007d6e   0x00000002   PAD
    0x08007d70   0x08007d70   0x00000020   Data   RO         6768    Region$$Table       anon$$obj.o


    Execution Region RW_IRAM1 (Exec base: 0x20000000, Load base: 0x08007d90, Size: 0x0000c860, Max: 0x00010000, ABSOLUTE, COMPRESSED[0x000000b8])

    Exec Addr    Load Addr    Size         Type   Attr      Idx    E Section Name        Object

    0x20000000   COMPRESSED   0x0000017c   Data   RW           50    .data               main.o
    0x2000017c   COMPRESSED   0x0000000c   Data   RW          645    .data               stm32l4xx_hal.o
    0x20000188   COMPRESSED   0x00000004   Data   RW         4320    .data               system_stm32l4xx.o
    0x2000018c   COMPRESSED   0x0000003c   Data   RW         4982    .data               tasks.o
    0x200001c8   COMPRESSED   0x00000014   Data   RW         5302    .data               timers.o
    0x200001dc   COMPRESSED   0x00000004   Data   RW         5506    .data               cmsis_os2.o
    0x200001e0   COMPRESSED   0x00000018   Data   RW         5876    .data               heap_4.o
    0x200001f8   COMPRESSED   0x0000000c   Data   RW         5927    .data               port.o
    0x20000204   COMPRESSED   0x00000004   Data   RW         6729    .data               mc_w.l(stdout.o)
    0x20000208   COMPRESSED   0x00000004   Data   RW         6736    .data               mc_w.l(mvars.o)
    0x2000020c   COMPRESSED   0x00000004   Data   RW         6737    .data               mc_w.l(mvars.o)
    0x20000210   COMPRESSED   0x00000004   Data   RW         6741    .data               mc_w.l(errno.o)
    0x20000214        -       0x000018a8   Zero   RW           45    .bss                main.o
    0x20001abc        -       0x00000048   Zero   RW           46    .bss                main.o
    0x20001b04        -       0x00000048   Zero   RW           47    .bss                main.o
    0x20001b4c        -       0x00000040   Zero   RW          574    .bss                stm32l4xx_hal_timebase_tim.o
    0x20001b8c        -       0x00000040   Zero   RW         4559    .bss                queue.o
    0x20001bcc        -       0x000004c4   Zero   RW         4981    .bss                tasks.o
    0x20002090        -       0x00000118   Zero   RW         5301    .bss                timers.o
    0x200021a8        -       0x000006b8   Zero   RW         5505    .bss                cmsis_os2.o
    0x20002860        -       0x00004000   Zero   RW         5875    .bss                heap_4.o
    0x20006860        -       0x00003000   Zero   RW            2    HEAP                startup_stm32l431xx.o
    0x20009860        -       0x00003000   Zero   RW            1    STACK               startup_stm32l431xx.o


==============================================================================

Image component sizes


      Code (inc. data)   RO Data    RW Data    ZI Data      Debug   Object Name

       664         40          0          4       1720      32595   cmsis_os2.o
       104          6          0          0          0       1580   dev_config.o
       396          0          0          0          0       3567   epd_1in54c.o
         0          0          0          0          0      18348   event_groups.o
       460         24          0         24      16384       4763   heap_4.o
       138          0          0          0          0       3534   list.o
      6972        526        430        380       6456     742457   main.o
       818         82          0         12          0      11569   port.o
      2168         28          0          0         64      23565   queue.o
        36          8        396          0      24576        836   startup_stm32l431xx.o
        58         10          0         12          0       2954   stm32l4xx_hal.o
       158         14          0          0          0      33146   stm32l4xx_hal_cortex.o
       614         14          0          0          0       4462   stm32l4xx_hal_dma.o
       466         28          0          0          0       3127   stm32l4xx_hal_gpio.o
       106          0          0          0          0       1763   stm32l4xx_hal_iwdg.o
       480         52          0          0          0       3186   stm32l4xx_hal_msp.o
       120         20          0          0          0       1362   stm32l4xx_hal_pwr_ex.o
      2100        108          0          0          0       7645   stm32l4xx_hal_rcc.o
       998         32          0          0          0       2928   stm32l4xx_hal_rcc_ex.o
       930          0          0          0          0       5450   stm32l4xx_hal_spi.o
       602         18          0          0          0       6677   stm32l4xx_hal_tim.o
       114         10          0          0          0       3052   stm32l4xx_hal_tim_ex.o
       116         18          0          0         64       1396   stm32l4xx_hal_timebase_tim.o
      2042         78          0          0          0      13979   stm32l4xx_hal_uart.o
         2          0          0          0          0       1000   stm32l4xx_hal_uart_ex.o
        60         24          0          0          0       4598   stm32l4xx_it.o
         0          0          0          0          0        392   stream_buffer.o
        68         12         72          4          0       1205   system_stm32l4xx.o
      2384        194          0         60       1220      29449   tasks.o
       972         80          0         20        280      29499   timers.o

    ----------------------------------------------------------------------
     24198       1426        932        516      50764    1000084   Object Totals
         0          0         32          0          0          0   (incl. Generated)
        52          0          2          0          0          0   (incl. Padding)

    ----------------------------------------------------------------------

      Code (inc. data)   RO Data    RW Data    ZI Data      Debug   Library Member Name

       176          0          0          0          0        168   fmodf.o
        38          0          0          0          0        116   fpclassifyf.o
        74         24          0          0          0        580   funder.o
      1636        110        320          0          0        372   powf.o
        86          0          0          0          0          0   __dczerorl2.o
        28          0          0          0          0         76   calloc.o
         8          4        133          0          0         68   ctype_o.o
         0          0          0          0          0          0   entry.o
         0          0          0          0          0          0   entry10a.o
         0          0          0          0          0          0   entry11a.o
         8          4          0          0          0          0   entry2.o
         4          0          0          0          0          0   entry5.o
         0          0          0          0          0          0   entry7b.o
         0          0          0          0          0          0   entry8b.o
         8          4          0          0          0          0   entry9a.o
        12          6          0          4          0         68   errno.o
        30          0          0          0          0          0   handlers.o
        36          8          0          0          0         68   init.o
         0          0          0          0          0          0   iusefp.o
        30          0          0          0          0         68   llshl.o
        36          0          0          0          0         68   llsshr.o
        32          0          0          0          0         68   llushr.o
       360         30          0          0          0        356   mallocr.o
        36          0          0          0          0         68   memcpya.o
        36          0          0          0          0        108   memseta.o
         0          0          0          8          0          0   mvars.o
      2340         94          0          0          0        604   printfa.o
         0          0          0          4          0          0   stdout.o
        14          0          0          0          0         68   strlen.o
        30          0          0          0          0         80   strncmp.o
        24          0          0          0          0         76   strncpy.o
        44          0          0          0          0         80   uidiv.o
       104          0          0          0          0         92   uldiv.o
        48          0          0          0          0         68   cdrcmple.o
       350          0          0          0          0        148   dadd.o
       222          0          0          0          0        100   ddiv.o
       186          0          0          0          0        176   depilogue.o
        48          0          0          0          0         68   dfixul.o
       234          0          0          0          0         96   dmul.o
        38          0          0          0          0         68   f2d.o
       110          0          0          0          0        168   fepilogue.o
         4          0          0          0          0         68   fpstat.o
        82          0          0          0          0         96   frem.o

    ----------------------------------------------------------------------
      6558        284        456         16          0       4308   Library Totals
         6          0          3          0          0          0   (incl. Padding)

    ----------------------------------------------------------------------

      Code (inc. data)   RO Data    RW Data    ZI Data      Debug   Library Name

      1924        134        320          0          0       1236   m_wm.l
      3306        150        133         16          0       2016   mc_w.l
      1322          0          0          0          0       1056   mf_w.l

    ----------------------------------------------------------------------
      6558        284        456         16          0       4308   Library Totals

    ----------------------------------------------------------------------

==============================================================================


      Code (inc. data)   RO Data    RW Data    ZI Data      Debug   

     30756       1710       1388        532      50764     983264   Grand Totals
     30756       1710       1388        184      50764     983264   ELF Image Totals (compressed)
     30756       1710       1388        184          0          0   ROM Totals

==============================================================================

    Total RO  Size (Code + RO Data)                32144 (  31.39kB)
    Total RW  Size (RW Data + ZI Data)             51296 (  50.09kB)
    Total ROM Size (Code + RO Data + RW Data)      32328 (  31.57kB)

==============================================================================

